Archive member included because of file (symbol)

..\..\..\..\LTA_LIB\libbespoon_LTA_official.a(afc_filter.o)
                              ..\obj\module_api_radio.o (filter_get_alloc_Size)
..\..\..\..\LTA_LIB\libbespoon_LTA_official.a(live_threshold_adjustment.o)
                              ..\obj\module_api_radio.o (lta_compute_root_threshold_from_temperature)
..\..\..\..\LTA_LIB\libbespoon_LTA_official.a(memPool.o)
                              ..\..\..\..\LTA_LIB\libbespoon_LTA_official.a(afc_filter.o) (__alignedSizeof)
c:/program files (x86)/gnu tools arm embedded/4.8 2013q4/bin/../lib/gcc/arm-none-eabi/4.8.3/../../../../arm-none-eabi/lib/armv6-m\libm.a(lib_a-wf_log10.o)
                              ..\obj\module_api_sys.o (log10f)
c:/program files (x86)/gnu tools arm embedded/4.8 2013q4/bin/../lib/gcc/arm-none-eabi/4.8.3/../../../../arm-none-eabi/lib/armv6-m\libm.a(lib_a-ef_log10.o)
                              c:/program files (x86)/gnu tools arm embedded/4.8 2013q4/bin/../lib/gcc/arm-none-eabi/4.8.3/../../../../arm-none-eabi/lib/armv6-m\libm.a(lib_a-wf_log10.o) (__ieee754_log10f)
c:/program files (x86)/gnu tools arm embedded/4.8 2013q4/bin/../lib/gcc/arm-none-eabi/4.8.3/../../../../arm-none-eabi/lib/armv6-m\libm.a(lib_a-s_lib_ver.o)
                              c:/program files (x86)/gnu tools arm embedded/4.8 2013q4/bin/../lib/gcc/arm-none-eabi/4.8.3/../../../../arm-none-eabi/lib/armv6-m\libm.a(lib_a-wf_log10.o) (__fdlib_version)
c:/program files (x86)/gnu tools arm embedded/4.8 2013q4/bin/../lib/gcc/arm-none-eabi/4.8.3/../../../../arm-none-eabi/lib/armv6-m\libm.a(lib_a-s_matherr.o)
                              c:/program files (x86)/gnu tools arm embedded/4.8 2013q4/bin/../lib/gcc/arm-none-eabi/4.8.3/../../../../arm-none-eabi/lib/armv6-m\libm.a(lib_a-wf_log10.o) (matherr)
c:/program files (x86)/gnu tools arm embedded/4.8 2013q4/bin/../lib/gcc/arm-none-eabi/4.8.3/../../../../arm-none-eabi/lib/armv6-m\libm.a(lib_a-s_nan.o)
                              c:/program files (x86)/gnu tools arm embedded/4.8 2013q4/bin/../lib/gcc/arm-none-eabi/4.8.3/../../../../arm-none-eabi/lib/armv6-m\libm.a(lib_a-wf_log10.o) (nan)
c:/program files (x86)/gnu tools arm embedded/4.8 2013q4/bin/../lib/gcc/arm-none-eabi/4.8.3/../../../../arm-none-eabi/lib/armv6-m\libm.a(lib_a-sf_fpclassify.o)
                              c:/program files (x86)/gnu tools arm embedded/4.8 2013q4/bin/../lib/gcc/arm-none-eabi/4.8.3/../../../../arm-none-eabi/lib/armv6-m\libm.a(lib_a-wf_log10.o) (__fpclassifyf)
c:/program files (x86)/gnu tools arm embedded/4.8 2013q4/bin/../lib/gcc/arm-none-eabi/4.8.3/../../../../arm-none-eabi/lib/armv6-m\libm.a(lib_a-ef_log.o)
                              c:/program files (x86)/gnu tools arm embedded/4.8 2013q4/bin/../lib/gcc/arm-none-eabi/4.8.3/../../../../arm-none-eabi/lib/armv6-m\libm.a(lib_a-ef_log10.o) (__ieee754_logf)
c:/program files (x86)/gnu tools arm embedded/4.8 2013q4/bin/../lib/gcc/arm-none-eabi/4.8.3/armv6-m\libgcc.a(_thumb1_case_uqi.o)
                              ..\obj\stm32f0xx_rcc.o (__gnu_thumb1_case_uqi)
c:/program files (x86)/gnu tools arm embedded/4.8 2013q4/bin/../lib/gcc/arm-none-eabi/4.8.3/armv6-m\libgcc.a(_udivsi3.o)
                              ..\obj\stm32f0xx_rcc.o (__aeabi_uidiv)
c:/program files (x86)/gnu tools arm embedded/4.8 2013q4/bin/../lib/gcc/arm-none-eabi/4.8.3/armv6-m\libgcc.a(_divsi3.o)
                              ..\obj\ADC.o (__aeabi_idiv)
c:/program files (x86)/gnu tools arm embedded/4.8 2013q4/bin/../lib/gcc/arm-none-eabi/4.8.3/armv6-m\libgcc.a(_dvmd_tls.o)
                              c:/program files (x86)/gnu tools arm embedded/4.8 2013q4/bin/../lib/gcc/arm-none-eabi/4.8.3/armv6-m\libgcc.a(_udivsi3.o) (__aeabi_idiv0)
c:/program files (x86)/gnu tools arm embedded/4.8 2013q4/bin/../lib/gcc/arm-none-eabi/4.8.3/armv6-m\libgcc.a(_lshrdi3.o)
                              ..\obj\RTC.o (__aeabi_llsr)
c:/program files (x86)/gnu tools arm embedded/4.8 2013q4/bin/../lib/gcc/arm-none-eabi/4.8.3/armv6-m\libgcc.a(_ashldi3.o)
                              ..\obj\RTC.o (__aeabi_llsl)
c:/program files (x86)/gnu tools arm embedded/4.8 2013q4/bin/../lib/gcc/arm-none-eabi/4.8.3/armv6-m\libgcc.a(_arm_cmpsf2.o)
                              c:/program files (x86)/gnu tools arm embedded/4.8 2013q4/bin/../lib/gcc/arm-none-eabi/4.8.3/../../../../arm-none-eabi/lib/armv6-m\libm.a(lib_a-wf_log10.o) (__aeabi_fcmpeq)
c:/program files (x86)/gnu tools arm embedded/4.8 2013q4/bin/../lib/gcc/arm-none-eabi/4.8.3/armv6-m\libgcc.a(_aeabi_ldivmod.o)
                              ..\obj\osal_math.o (__aeabi_ldivmod)
c:/program files (x86)/gnu tools arm embedded/4.8 2013q4/bin/../lib/gcc/arm-none-eabi/4.8.3/armv6-m\libgcc.a(_aeabi_uldivmod.o)
                              ..\obj\TIMER.o (__aeabi_uldivmod)
c:/program files (x86)/gnu tools arm embedded/4.8 2013q4/bin/../lib/gcc/arm-none-eabi/4.8.3/armv6-m\libgcc.a(_muldi3.o)
[...]
Memory Configuration

Name             Origin             Length             Attributes
rom              0x08000000         0x0001ef00         xr
ram              0x20000000         0x00004000         xrw
*default*        0x00000000         0xffffffff

Linker script and memory map

                0x20004000                _eram = 0x20004000

.text           0x08000000    0x192dc
 *(.isr_vector)
 .isr_vector    0x08000000       0xc4 ..\obj\startup_stm32f0xx.o
                0x08000000                g_pfnVectors
 *(.text*)
 .text.RCC_HSICmd
                0x080000c4       0x1c ..\obj\stm32f0xx_rcc.o
                0x080000c4                RCC_HSICmd
 .text.RCC_LSEConfig
                0x080000e0       0x20 ..\obj\stm32f0xx_rcc.o
                0x080000e0                RCC_LSEConfig
 .text.RCC_LSEDriveConfig
                0x08000100       0x18 ..\obj\stm32f0xx_rcc.o
                0x08000100                RCC_LSEDriveConfig
 .text.RCC_LSICmd
                0x08000118       0x1c ..\obj\stm32f0xx_rcc.o
                0x08000118                RCC_LSICmd
 .text.RCC_PLLConfig
                0x08000134       0x20 ..\obj\stm32f0xx_rcc.o
                0x08000134                RCC_PLLConfig
 .text.RCC_PLLCmd
                0x08000154       0x20 ..\obj\stm32f0xx_rcc.o
                0x08000154                RCC_PLLCmd
 .text.RCC_HSI48Cmd
                0x08000174       0x20 ..\obj\stm32f0xx_rcc.o
                0x08000174                RCC_HSI48Cmd
 .text.RCC_SYSCLKConfig
                0x08000194       0x14 ..\obj\stm32f0xx_rcc.o
                0x08000194                RCC_SYSCLKConfig
 .text.RCC_GetSYSCLKSource
                0x080001a8       0x10 ..\obj\stm32f0xx_rcc.o
                0x080001a8                RCC_GetSYSCLKSource
 .text.RCC_GetClocksFreq
                0x080001b8      0x150 ..\obj\stm32f0xx_rcc.o
                0x080001b8                RCC_GetClocksFreq
 .text.RCC_RTCCLKConfig
                0x08000308       0x10 ..\obj\stm32f0xx_rcc.o
                0x08000308                RCC_RTCCLKConfig
 .text.RCC_RTCCLKCmd
                0x08000318       0x20 ..\obj\stm32f0xx_rcc.o
                0x08000318                RCC_RTCCLKCmd
 .text.RCC_BackupResetCmd
                0x08000338       0x20 ..\obj\stm32f0xx_rcc.o
                0x08000338                RCC_BackupResetCmd
 .text.RCC_AHBPeriphClockCmd
                0x08000358       0x18 ..\obj\stm32f0xx_rcc.o
                0x08000358                RCC_AHBPeriphClockCmd
 .text.RCC_APB2PeriphClockCmd
                0x08000370       0x18 ..\obj\stm32f0xx_rcc.o
                0x08000370                RCC_APB2PeriphClockCmd
 .text.RCC_APB1PeriphClockCmd
                0x08000388       0x18 ..\obj\stm32f0xx_rcc.o
                0x08000388                RCC_APB1PeriphClockCmd
 .text.RCC_APB2PeriphResetCmd
                0x080003a0       0x18 ..\obj\stm32f0xx_rcc.o
                0x080003a0                RCC_APB2PeriphResetCmd
 .text.RCC_APB1PeriphResetCmd
                0x080003b8       0x18 ..\obj\stm32f0xx_rcc.o
                0x080003b8                RCC_APB1PeriphResetCmd
 .text.RCC_GetFlagStatus
                0x080003d0       0x30 ..\obj\stm32f0xx_rcc.o
                0x080003d0                RCC_GetFlagStatus
 .text.pp_hw_rst
                0x08000400       0x34 ..\obj\pinpointer_hw.o
                0x08000400                pp_hw_rst
 .text.pp_hw_power
                0x08000434       0x14 ..\obj\pinpointer_hw.o
                0x08000434                pp_hw_power
 .text.pp_hw_reg_read
                0x08000448       0x60 ..\obj\pinpointer_hw.o
                0x08000448                pp_hw_reg_read
 .text.pp_hw_reg_write
                0x080004a8       0x58 ..\obj\pinpointer_hw.o
                0x080004a8                pp_hw_reg_write
 .text.pp_hw_reg16_read
                0x08000500       0x7c ..\obj\pinpointer_hw.o
                0x08000500                pp_hw_reg16_read
 .text.pp_hw_reg16_write
                0x0800057c       0x6c ..\obj\pinpointer_hw.o
                0x0800057c                pp_hw_reg16_write
 .text.pp_hw_reg32_read
                0x080005e8       0x98 ..\obj\pinpointer_hw.o
                0x080005e8                pp_hw_reg32_read
 .text.pp_hw_reg32_write
                0x08000680       0x7c ..\obj\pinpointer_hw.o
                0x08000680                pp_hw_reg32_write
 .text.pp_hw_burst_read
                0x080006fc       0x50 ..\obj\pinpointer_hw.o
                0x080006fc                pp_hw_burst_read
 .text.pp_hw_burst_write
                0x0800074c       0x58 ..\obj\pinpointer_hw.o
                0x0800074c                pp_hw_burst_write
 .text.pp_hw_prod_burst_write
                0x080007a4       0x58 ..\obj\pinpointer_hw.o
                0x080007a4                pp_hw_prod_burst_write
 .text.pp_hw_seq_write
                0x080007fc       0x64 ..\obj\pinpointer_hw.o
                0x080007fc                pp_hw_seq_write
 .text.pp_hw_prod_seq_write
                0x08000860       0x64 ..\obj\pinpointer_hw.o
                0x08000860                pp_hw_prod_seq_write
 .text.pp_hw_command_write
                0x080008c4      0x280 ..\obj\pinpointer_hw.o
                0x080008c4                pp_hw_command_write
 .text.ADC_DeInit
                0x08000b44       0x24 ..\obj\stm32f0xx_adc.o
                0x08000b44                ADC_DeInit
 .text.ADC_Init
                0x08000b68       0x2c ..\obj\stm32f0xx_adc.o
                0x08000b68                ADC_Init
 .text.ADC_StructInit
                0x08000b94       0x10 ..\obj\stm32f0xx_adc.o
                0x08000b94                ADC_StructInit
 .text.ADC_Cmd  0x08000ba4       0x10 ..\obj\stm32f0xx_adc.o
                0x08000ba4                ADC_Cmd
 .text.ADC_ClockModeConfig
                0x08000bb4        0x4 ..\obj\stm32f0xx_adc.o
                0x08000bb4                ADC_ClockModeConfig
 .text.ADC_TempSensorCmd
                0x08000bb8       0x20 ..\obj\stm32f0xx_adc.o
                0x08000bb8                ADC_TempSensorCmd
 .text.ADC_VrefintCmd
                0x08000bd8       0x20 ..\obj\stm32f0xx_adc.o
                0x08000bd8                ADC_VrefintCmd
 .text.ADC_VbatCmd
                0x08000bf8       0x20 ..\obj\stm32f0xx_adc.o
                0x08000bf8                ADC_VbatCmd
 .text.ADC_ChannelConfig
                0x08000c18        0xc ..\obj\stm32f0xx_adc.o
                0x08000c18                ADC_ChannelConfig
 .text.ADC_GetCalibrationFactor
                0x08000c24       0x2c ..\obj\stm32f0xx_adc.o
                0x08000c24                ADC_GetCalibrationFactor
 .text.ADC_StopOfConversion
                0x08000c50        0xc ..\obj\stm32f0xx_adc.o
                0x08000c50                ADC_StopOfConversion
 .text.ADC_StartOfConversion
                0x08000c5c        0xc ..\obj\stm32f0xx_adc.o
                0x08000c5c                ADC_StartOfConversion
 .text.ADC_DMACmd
                0x08000c68       0x14 ..\obj\stm32f0xx_adc.o
                0x08000c68                ADC_DMACmd
 .text.ADC_DMARequestModeConfig
                0x08000c7c       0x10 ..\obj\stm32f0xx_adc.o
                0x08000c7c                ADC_DMARequestModeConfig
 .text.ADC_GetFlagStatus
                0x08000c8c       0x1c ..\obj\stm32f0xx_adc.o
                0x08000c8c                ADC_GetFlagStatus
 .text.HAL_DAC_DeInit
                0x08000ca8        0x8 ..\obj\DAC.o
                0x08000ca8                HAL_DAC_DeInit
 .text.HAL_DAC_Init
                0x08000cb0       0x2c ..\obj\DAC.o
                0x08000cb0                HAL_DAC_Init
 .text.dac_get_value
                0x08000cdc        0xc ..\obj\DAC.o
                0x08000cdc                dac_get_value
 .text.dac_get_valueUV
                0x08000ce8        0xc ..\obj\DAC.o
                0x08000ce8                dac_get_valueUV
 .text.dac_set_valueUV
                0x08000cf4       0x34 ..\obj\DAC.o
                0x08000cf4                dac_set_valueUV
 .text.dac_set_value
                0x08000d28       0x18 ..\obj\DAC.o
                0x08000d28                dac_set_value
 .text.dac_enable
                0x08000d40        0xc ..\obj\DAC.o
                0x08000d40                dac_enable
 .text.LIS2DM_DeInit
                0x08000d4c        0x4 ..\obj\ACCELERO.o
                0x08000d4c                LIS2DM_DeInit
 .text.LIS2DM_init
                0x08000d50        0x4 ..\obj\ACCELERO.o
                0x08000d50                LIS2DM_init
 .text.pp_conf_get_sync_code_repetition_from_zone
                0x08000d54       0xb0 ..\obj\pp_conf_common.o
                0x08000d54                pp_conf_get_sync_code_repetition_from_zone
 .text.pp_conf_get_demod_code_repetition_from_zone
                0x08000e04       0xb0 ..\obj\pp_conf_common.o
                0x08000e04                pp_conf_get_demod_code_repetition_from_zone
 .text.pp_conf_get_preamble_length
                0x08000eb4       0xc4 ..\obj\pp_conf_common.o
                0x08000eb4                pp_conf_get_preamble_length
 .text.auto_swap
                0x08000f78       0x44 ..\obj\pp_conf_common.o
 .text.pp_conf_crc16
                0x08000fbc       0xe4 ..\obj\pp_conf_common.o
                0x08000fbc                pp_conf_crc16
 .text.threshold_model
                0x080010a0       0xdc ..\obj\pp_conf_common.o
                0x080010a0                threshold_model
 .text.threshold_from_pg_model
                0x0800117c       0xdc ..\obj\pp_conf_common.o
                0x0800117c                threshold_from_pg_model
 .text.HardFault_Handler
                0x08001258       0x14 ..\obj\main.o
                0x08001258                HardFault_Handler
 .text.HardFault_HandlerC
                0x0800126c       0x18 ..\obj\main.o
                0x0800126c                HardFault_HandlerC
 .text.process_sys_command
                0x08001284       0xec ..\obj\main.o
 .text.process_radio_command
                0x08001370      0x1e0 ..\obj\main.o
 .text.process_seq_command
                0x08001550       0x74 ..\obj\main.o
 .text.process_command
                0x080015c4       0x4c ..\obj\main.o
 .text.mainloop
                0x08001610       0x3c ..\obj\main.o
                0x08001610                mainloop
 .text.main     0x0800164c       0x44 ..\obj\main.o
                0x0800164c                main
 .text.add_setting_u32
                0x08001690       0xac ..\obj\pinpointer_config.o
 .text.add_setting_u8
                0x0800173c       0xb0 ..\obj\pinpointer_config.o
 .text.add_setting_tprod_burst
                0x080017ec       0xc8 ..\obj\pinpointer_config.o
 .text.pp_conf_set_enable_lta
                0x080018b4       0x24 ..\obj\pinpointer_config.o
                0x080018b4                pp_conf_set_enable_lta
 .text.pp_conf_get_enable_lta
                0x080018d8       0x18 ..\obj\pinpointer_config.o
                0x080018d8                pp_conf_get_enable_lta
 .text.pp_conf_init
                0x080018f0      0x140 ..\obj\pinpointer_config.o
                0x080018f0                pp_conf_init
 .text.prep_conf_1v2pll_boost
                0x08001a30      0x148 ..\obj\pinpointer_config.o
 .text.prep_conf_timeout
                0x08001b78      0x158 ..\obj\pinpointer_config.o
 .text.pp_log2  0x08001cd0       0x54 ..\obj\pinpointer_config.o
 .text.prep_conf_differential_detection
                0x08001d24      0x12c ..\obj\pinpointer_config.o
 .text.prep_conf_sync_code
                0x08001e50      0x254 ..\obj\pinpointer_config.o
 .text.prep_conf_demod_code
                0x080020a4      0x254 ..\obj\pinpointer_config.o
 .text.prep_conf_channel
                0x080022f8      0x190 ..\obj\pinpointer_config.o
 .text.prep_conf_tx_gain
                0x08002488       0x30 ..\obj\pinpointer_config.o
 .text.prep_conf_rx_gain
                0x080024b8       0x30 ..\obj\pinpointer_config.o
 .text.prep_conf_clktracking
                0x080024e8      0x164 ..\obj\pinpointer_config.o
 .text.prep_conf_preamble_length
                0x0800264c       0x5c ..\obj\pinpointer_config.o
 .text.prep_conf_sync_threshold
                0x080026a8       0xf0 ..\obj\pinpointer_config.o
 .text.prep_conf_rng_threshold
                0x08002798       0xf0 ..\obj\pinpointer_config.o
 .text.pp_conf_get_live_threshold_from_zone
                0x08002888       0x90 ..\obj\pinpointer_config.o
                0x08002888                pp_conf_get_live_threshold_from_zone
 .text.pp_conf_get_threshold_from_zone
                0x08002918       0xdc ..\obj\pinpointer_config.o
                0x08002918                pp_conf_get_threshold_from_zone
 .text.pp_conf_get_prod_threshold_from_zone
                0x080029f4       0x94 ..\obj\pinpointer_config.o
                0x080029f4                pp_conf_get_prod_threshold_from_zone
 .text.get_default_config_phy
                0x08002a88       0xec ..\obj\pinpointer_config.o
 .text.set_config_phy
                0x08002b74      0x590 ..\obj\pinpointer_config.o
                0x08002b74                set_config_phy
 .text.prep_config_init
                0x08003104      0x178 ..\obj\pinpointer_config.o
                0x08003104                prep_config_init
 .text.get_fw_msq
                0x0800327c       0x20 ..\obj\pinpointer_config.o
                0x0800327c                get_fw_msq
 .text.prep_config_pm
                0x0800329c      0x104 ..\obj\pinpointer_config.o
                0x0800329c                prep_config_pm
 .text.get_config_pm
                0x080033a0       0x7c ..\obj\pinpointer_config.o
                0x080033a0                get_config_pm
 .text.set_new_pm
                0x0800341c      0x1e4 ..\obj\pinpointer_config.o
                0x0800341c                set_new_pm
 .text.get_current_config_phy
                0x08003600       0x14 ..\obj\pinpointer_config.o
                0x08003600                get_current_config_phy
 .text.get_zoneDefault
                0x08003614       0x14 ..\obj\pinpointer_config.o
                0x08003614                get_zoneDefault
 .text.pp_conf_get_root_threshold
                0x08003628       0x64 ..\obj\pinpointer_config.o
                0x08003628                pp_conf_get_root_threshold
 .text.pp_conf_set_root_threshold
                0x0800368c       0x64 ..\obj\pinpointer_config.o
                0x0800368c                pp_conf_set_root_threshold
 .text.pp_conf_set_temperature
                0x080036f0       0x20 ..\obj\pinpointer_config.o
                0x080036f0                pp_conf_set_temperature
 .text.HAL_Enable_PLL
                0x08003710       0x62 ..\obj\RCC.o
 *fill*         0x08003772        0x2 
 .text.HAL_RCC_LowClockInit
                0x08003774       0x70 ..\obj\RCC.o
                0x08003774                HAL_RCC_LowClockInit
 .text.HAL_RCC_Init
                0x080037e4       0x24 ..\obj\RCC.o
                0x080037e4                HAL_RCC_Init
 .text.HAL_MCU_Stop_Mode
                0x08003808       0x18 ..\obj\RCC.o
                0x08003808                HAL_MCU_Stop_Mode
 .text.HAL_MCU_Standby_Mode
                0x08003820       0x10 ..\obj\RCC.o
                0x08003820                HAL_MCU_Standby_Mode
 .text.HAL_Out_of_LowPower_Mode
                0x08003830       0x10 ..\obj\RCC.o
                0x08003830                HAL_Out_of_LowPower_Mode
 .text.Reset_Handler
                0x08003840       0x4c ..\obj\startup_stm32f0xx.o
                0x08003840                Reset_Handler
 .text.Default_Handler
                0x0800388c        0x2 ..\obj\startup_stm32f0xx.o
                0x0800388c                TIM1_CC_IRQHandler
                0x0800388c                TSC_IRQHandler
                0x0800388c                ADC1_COMP_IRQHandler
                0x0800388c                SysTick_Handler
                0x0800388c                PendSV_Handler
                0x0800388c                NMI_Handler
                0x0800388c                I2C1_IRQHandler
                0x0800388c                RCC_CRS_IRQHandler
                0x0800388c                SPI1_IRQHandler
                0x0800388c                TIM6_DAC_IRQHandler
                0x0800388c                USART3_4_IRQHandler
                0x0800388c                I2C2_IRQHandler
                0x0800388c                TIM17_IRQHandler
                0x0800388c                CEC_CAN_IRQHandler
                0x0800388c                PVD_VDDIO2_IRQHandler
                0x0800388c                DMA1_Channel4_5_6_7_IRQHandler
                0x0800388c                TIM16_IRQHandler
                0x0800388c                TIM3_IRQHandler
                0x0800388c                Default_Handler
                0x0800388c                TIM7_IRQHandler
                0x0800388c                TIM15_IRQHandler
                0x0800388c                USB_IRQHandler
                0x0800388c                SPI2_IRQHandler
                0x0800388c                SVC_Handler
                0x0800388c                WWDG_IRQHandler
                0x0800388c                DMA1_Channel2_3_IRQHandler
                0x0800388c                USART2_IRQHandler
                0x0800388c                FLASH_IRQHandler
                0x0800388c                USART1_IRQHandler
                0x0800388c                TIM1_BRK_UP_TRG_COM_IRQHandler
 *fill*         0x0800388e        0x2 
 .text.get_phy_fct
                0x08003890        0xc ..\obj\ShellCommand_radio.o
                0x08003890                get_phy_fct
 .text.set_phy_fct
                0x0800389c       0xa0 ..\obj\ShellCommand_radio.o
                0x0800389c                set_phy_fct
 .text.pm_fct   0x0800393c       0x88 ..\obj\ShellCommand_radio.o
                0x0800393c                pm_fct
 .text.tx_cont_fct
                0x080039c4       0xdc ..\obj\ShellCommand_radio.o
                0x080039c4                tx_cont_fct
 .text.cw_sweep_fct
                0x08003aa0       0x78 ..\obj\ShellCommand_radio.o
                0x08003aa0                cw_sweep_fct
 .text.ones32   0x08003b18       0x64 ..\obj\utils.o
                0x08003b18                ones32
 .text.floor_log2
                0x08003b7c       0x50 ..\obj\utils.o
                0x08003b7c                floor_log2
 .text.seq_get_cfg_buffer
                0x08003bcc       0x20 ..\obj\module_api_seq.o
                0x08003bcc                seq_get_cfg_buffer
 .text.seq_get_sequence_data
                0x08003bec       0x64 ..\obj\module_api_seq.o
                0x08003bec                seq_get_sequence_data
 .text.seq_init
                0x08003c50       0x18 ..\obj\module_api_seq.o
                0x08003c50                seq_init
 .text.seq_manage_hardFault
                0x08003c68        0x8 ..\obj\module_api_seq.o
                0x08003c68                seq_manage_hardFault
 .text.seq_is_cfg_busy
                0x08003c70       0x20 ..\obj\module_api_seq.o
                0x08003c70                seq_is_cfg_busy
 .text.seq_set_cfg_busy
                0x08003c90       0x48 ..\obj\module_api_seq.o
                0x08003c90                seq_set_cfg_busy
 .text.seq_get_cfg
                0x08003cd8       0x40 ..\obj\module_api_seq.o
                0x08003cd8                seq_get_cfg
 .text.seq_set_cfg
                0x08003d18       0x48 ..\obj\module_api_seq.o
                0x08003d18                seq_set_cfg
 .text.seq_queue_single_act
                0x08003d60       0x88 ..\obj\module_api_seq.o
                0x08003d60                seq_queue_single_act
 .text.seq_start
                0x08003de8      0x26c ..\obj\module_api_seq.o
                0x08003de8                seq_start
 .text.seq_run  0x08004054      0x244 ..\obj\module_api_seq.o
                0x08004054                seq_run
 .text.seq_stop
                0x08004298       0x84 ..\obj\module_api_seq.o
                0x08004298                seq_stop
 .text.seq_ctrl_prepare
                0x0800431c       0x4c ..\obj\module_api_seq.o
                0x0800431c                seq_ctrl_prepare
 .text.seq_ctrl
                0x08004368       0x58 ..\obj\module_api_seq.o
                0x08004368                seq_ctrl
 .text.seq_process
                0x080043c0       0x28 ..\obj\module_api_seq.o
                0x080043c0                seq_process
 .text.seq_checkcache
                0x080043e8      0x14c ..\obj\module_api_seq.o
                0x080043e8                seq_checkcache
 .text.do_gpioconfigure
                0x08004534       0x7a ..\obj\GPIO.o
 *fill*         0x080045ae        0x2 
 .text.HAL_GPIO_DeInit
                0x080045b0       0x64 ..\obj\GPIO.o
                0x080045b0                HAL_GPIO_DeInit
 .text.HAL_GPIO_Init
                0x08004614      0x23c ..\obj\GPIO.o
                0x08004614                HAL_GPIO_Init
 .text.HAL_GPIO_Show
                0x08004850      0x184 ..\obj\GPIO.o
                0x08004850                HAL_GPIO_Show
 .text.HAL_GPIO_LowPower
                0x080049d4       0xa4 ..\obj\GPIO.o
                0x080049d4                HAL_GPIO_LowPower
 .text.HAL_GPIO_OutOfLowPower
                0x08004a78       0x24 ..\obj\GPIO.o
                0x08004a78                HAL_GPIO_OutOfLowPower
 .text.do_gpioshow.isra.0
                0x08004a9c       0xe4 ..\obj\GPIO.o
 .text.DMA_DeInit
                0x08004b80       0xa8 ..\obj\stm32f0xx_dma.o
                0x08004b80                DMA_DeInit
 .text.DMA_Init
                0x08004c28       0x3c ..\obj\stm32f0xx_dma.o
                0x08004c28                DMA_Init
 .text.DMA_Cmd  0x08004c64       0x1c ..\obj\stm32f0xx_dma.o
                0x08004c64                DMA_Cmd
 .text.DMA_ITConfig
                0x08004c80       0x14 ..\obj\stm32f0xx_dma.o
                0x08004c80                DMA_ITConfig
 .text.DMA_GetFlagStatus
                0x08004c94       0x14 ..\obj\stm32f0xx_dma.o
                0x08004c94                DMA_GetFlagStatus
 .text.DMA_ClearFlag
                0x08004ca8        0xc ..\obj\stm32f0xx_dma.o
                0x08004ca8                DMA_ClearFlag
 .text.DMA_GetITStatus
                0x08004cb4       0x14 ..\obj\stm32f0xx_dma.o
                0x08004cb4                DMA_GetITStatus
 .text.DMA_ClearITPendingBit
                0x08004cc8        0xc ..\obj\stm32f0xx_dma.o
                0x08004cc8                DMA_ClearITPendingBit
 .text.HAL_TIMER2_Init
                0x08004cd4       0x3c ..\obj\TIMER.o
                0x08004cd4                HAL_TIMER2_Init
 .text.TIM2_IRQHandler
                0x08004d10       0x1c ..\obj\TIMER.o
                0x08004d10                TIM2_IRQHandler
 .text.HAL_TIMER3_Init
                0x08004d2c       0x64 ..\obj\TIMER.o
                0x08004d2c                HAL_TIMER3_Init
 .text.TIM14_IRQHandler
                0x08004d90       0xa4 ..\obj\TIMER.o
                0x08004d90                TIM14_IRQHandler
 .text.HAL_TIMER_LSI_Autocalibration
                0x08004e34       0xc8 ..\obj\TIMER.o
                0x08004e34                HAL_TIMER_LSI_Autocalibration
 .text.start_waitcounter_timeBase
                0x08004efc       0x24 ..\obj\TIMER.o
 .text.check_waitcounter_running
                0x08004f20       0x2c ..\obj\TIMER.o
 .text.msleep   0x08004f4c       0x1c ..\obj\TIMER.o
                0x08004f4c                msleep
 .text.udelay   0x08004f68       0x14 ..\obj\TIMER.o
                0x08004f68                udelay
 .text.HAL_TIMER_Init
                0x08004f7c       0x10 ..\obj\TIMER.o
                0x08004f7c                HAL_TIMER_Init
 .text.HAL_ADC_DeInit
                0x08004f8c       0x10 ..\obj\ADC.o
                0x08004f8c                HAL_ADC_DeInit
 .text.HAL_ADC_Init
                0x08004f9c       0xfc ..\obj\ADC.o
                0x08004f9c                HAL_ADC_Init
 .text.DMA1_Channel1_IRQHandler
                0x08005098       0x20 ..\obj\ADC.o
                0x08005098                DMA1_Channel1_IRQHandler
 .text.HAL_ADC_Start
                0x080050b8       0x2c ..\obj\ADC.o
 .text.HAL_ADC_Read_Values
                0x080050e4      0x134 ..\obj\ADC.o
                0x080050e4                HAL_ADC_Read_Values
 .text.resetComm
                0x08005218       0x88 ..\obj\Ext_Com.o
 .text.uwb_com_ext
                0x080052a0      0x2f4 ..\obj\Ext_Com.o
                0x080052a0                uwb_com_ext
 .text.PrintChar
                0x08005594       0x44 ..\obj\printf.o
                0x08005594                PrintChar
 .text.PutChar  0x080055d8        0x8 ..\obj\printf.o
                0x080055d8                PutChar
 .text.PutString
                0x080055e0       0x14 ..\obj\printf.o
                0x080055e0                PutString
 .text.PutUnsignedInt
                0x080055f4       0x68 ..\obj\printf.o
                0x080055f4                PutUnsignedInt
 .text.PutSignedInt
                0x0800565c       0xa4 ..\obj\printf.o
                0x0800565c                PutSignedInt
 .text.PutUnsignedLong
                0x08005700       0x68 ..\obj\printf.o
                0x08005700                PutUnsignedLong
 .text.PutHexa  0x08005768       0x7c ..\obj\printf.o
                0x08005768                PutHexa
 .text.vsnprintf
                0x080057e4      0x180 ..\obj\printf.o
                0x080057e4                vsnprintf
 .text.vsprintf
                0x08005964       0x10 ..\obj\printf.o
                0x08005964                vsprintf
 .text.vfprintf
                0x08005974       0x18 ..\obj\printf.o
                0x08005974                vfprintf
 .text.vprintf  0x0800598c       0x18 ..\obj\printf.o
                0x0800598c                vprintf
 .text.printf   0x080059a4       0x18 ..\obj\printf.o
                0x080059a4                printf
 .text.fputc    0x080059bc       0x28 ..\obj\printf.o
                0x080059bc                fputc
 .text.fputs    0x080059e4       0x24 ..\obj\printf.o
                0x080059e4                fputs
 .text.radio_is_init_busy
                0x08005a08       0x20 ..\obj\module_api_radio.o
                0x08005a08                radio_is_init_busy
 .text.radio_set_init_busy
                0x08005a28       0x48 ..\obj\module_api_radio.o
                0x08005a28                radio_set_init_busy
 .text.radio_msq_init
                0x08005a70      0x114 ..\obj\module_api_radio.o
                0x08005a70                radio_msq_init
 .text.radio_showCurPhyAndDac
                0x08005b84      0x1a0 ..\obj\module_api_radio.o
                0x08005b84                radio_showCurPhyAndDac
 .text.radio_init
                0x08005d24      0x200 ..\obj\module_api_radio.o
                0x08005d24                radio_init
 .text.radio_manage_hardFault
                0x08005f24        0x8 ..\obj\module_api_radio.o
                0x08005f24                radio_manage_hardFault
 .text.radio_is_spiwr_busy
                0x08005f2c       0x20 ..\obj\module_api_radio.o
                0x08005f2c                radio_is_spiwr_busy
 .text.radio_set_spiwr_busy
                0x08005f4c       0x48 ..\obj\module_api_radio.o
                0x08005f4c                radio_set_spiwr_busy
 .text.radio_spi_write_get_buf
                0x08005f94       0x2c ..\obj\module_api_radio.o
                0x08005f94                radio_spi_write_get_buf
 .text.radio_spi_write
                0x08005fc0       0x44 ..\obj\module_api_radio.o
                0x08005fc0                radio_spi_write
 .text.radio_spi_read
                0x08006004       0x34 ..\obj\module_api_radio.o
                0x08006004                radio_spi_read
 .text.radio_is_pmstate_busy
                0x08006038       0x20 ..\obj\module_api_radio.o
                0x08006038                radio_is_pmstate_busy
 .text.radio_set_pmstate_busy
                0x08006058       0x48 ..\obj\module_api_radio.o
                0x08006058                radio_set_pmstate_busy
 .text.radio_get_pmstate
                0x080060a0       0x20 ..\obj\module_api_radio.o
                0x080060a0                radio_get_pmstate
 .text.radio_set_pmstate
                0x080060c0       0x48 ..\obj\module_api_radio.o
                0x080060c0                radio_set_pmstate
 .text.radio_is_phy_cfg_busy
                0x08006108       0x20 ..\obj\module_api_radio.o
                0x08006108                radio_is_phy_cfg_busy
 .text.radio_set_phy_cfg_busy
                0x08006128       0x48 ..\obj\module_api_radio.o
                0x08006128                radio_set_phy_cfg_busy
 .text.radio_get_phy_cfg_data
                0x08006170       0x1c ..\obj\module_api_radio.o
                0x08006170                radio_get_phy_cfg_data
 .text.radio_get_phy_cfg
                0x0800618c       0x78 ..\obj\module_api_radio.o
                0x0800618c                radio_get_phy_cfg
 .text.radio_set_phy_cfg
                0x08006204       0xd0 ..\obj\module_api_radio.o
                0x08006204                radio_set_phy_cfg
 .text.radio_get_rx_cfg_data
                0x080062d4       0x20 ..\obj\module_api_radio.o
                0x080062d4                radio_get_rx_cfg_data
 .text.radio_is_rx_cfg_busy
                0x080062f4       0x20 ..\obj\module_api_radio.o
                0x080062f4                radio_is_rx_cfg_busy
 .text.radio_set_rx_cfg_busy
                0x08006314       0x48 ..\obj\module_api_radio.o
                0x08006314                radio_set_rx_cfg_busy
 .text.radio_get_rx_cfg
                0x0800635c       0x54 ..\obj\module_api_radio.o
                0x0800635c                radio_get_rx_cfg
 .text.radio_set_rx_cfg
                0x080063b0       0x68 ..\obj\module_api_radio.o
                0x080063b0                radio_set_rx_cfg
 .text.radio_clear_IT
                0x08006418       0x80 ..\obj\module_api_radio.o
 .text.radio_clear_rng_timer
                0x08006498       0x60 ..\obj\module_api_radio.o
                0x08006498                radio_clear_rng_timer
 .text.radio_lta_IR_management
                0x080064f8       0x8c ..\obj\module_api_radio.o
                0x080064f8                radio_lta_IR_management
 .text.radio_lta_temp_management
                0x08006584       0xa4 ..\obj\module_api_radio.o
                0x08006584                radio_lta_temp_management
 .text.radio_set_tx_data_buf_size
                0x08006628       0x24 ..\obj\module_api_radio.o
                0x08006628                radio_set_tx_data_buf_size
 .text.radio_get_tx_data_buf
                0x0800664c       0x44 ..\obj\module_api_radio.o
                0x0800664c                radio_get_tx_data_buf
 .text.radio_write_tx_data
                0x08006690      0x1b0 ..\obj\module_api_radio.o
                0x08006690                radio_write_tx_data
 .text.radio_get_rx_data_size
                0x08006840       0x1c ..\obj\module_api_radio.o
                0x08006840                radio_get_rx_data_size
 .text.radio_get_rx_data_checksum
                0x0800685c       0x18 ..\obj\module_api_radio.o
                0x0800685c                radio_get_rx_data_checksum
 .text.radio_get_rx_buf
                0x08006874       0x20 ..\obj\module_api_radio.o
                0x08006874                radio_get_rx_buf
 .text.radio_tx_start
                0x08006894      0x108 ..\obj\module_api_radio.o
                0x08006894                radio_tx_start
 .text.radio_rx_start
                0x0800699c      0x268 ..\obj\module_api_radio.o
                0x0800699c                radio_rx_start
 .text.radio_is_tx_finished
                0x08006c04       0x64 ..\obj\module_api_radio.o
                0x08006c04                radio_is_tx_finished
 .text.radio_compute_dll_fine
                0x08006c68      0x15c ..\obj\module_api_radio.o
 .text.radio_clock_track_get_drift
                0x08006dc4      0x154 ..\obj\module_api_radio.o
 .text.radio_rx_process_toa
                0x08006f18     0x1070 ..\obj\module_api_radio.o
 .text.radio_get_SnrDbScaled
                0x08007f88      0x130 ..\obj\module_api_radio.o
 .text.radio_get_rng_data_generic
                0x080080b8      0xe1c ..\obj\module_api_radio.o
 .text.radio_is_rx_finished
                0x08008ed4      0x55c ..\obj\module_api_radio.o
                0x08008ed4                radio_is_rx_finished
 .text.radio_tx_end
                0x08009430       0x34 ..\obj\module_api_radio.o
                0x08009430                radio_tx_end
 .text.radio_rx_end
                0x08009464       0x34 ..\obj\module_api_radio.o
                0x08009464                radio_rx_end
 .text.radio_phy_ctrl_prepare
                0x08009498       0xb8 ..\obj\module_api_radio.o
                0x08009498                radio_phy_ctrl_prepare
 .text.radio_phy_ctrl
                0x08009550       0x78 ..\obj\module_api_radio.o
                0x08009550                radio_phy_ctrl
 .text.radio_process
                0x080095c8       0xd4 ..\obj\module_api_radio.o
                0x080095c8                radio_process
 .text.radio_checkcache
                0x0800969c       0x80 ..\obj\module_api_radio.o
                0x0800969c                radio_checkcache
 .text.HAL_I2C_DeInit
                0x0800971c        0x4 ..\obj\I2C.o
                0x0800971c                HAL_I2C_DeInit
 .text.HAL_I2C_Init
                0x08009720        0x4 ..\obj\I2C.o
                0x08009720                HAL_I2C_Init
 .text.OSAL_get_prodSection
                0x08009724        0xc ..\obj\prodSection_read.o
                0x08009724                OSAL_get_prodSection
 .text.SPI_I2S_DeInit
                0x08009730       0x44 ..\obj\stm32f0xx_spi.o
                0x08009730                SPI_I2S_DeInit
 .text.SPI_Init
                0x08009774       0x54 ..\obj\stm32f0xx_spi.o
                0x08009774                SPI_Init
 .text.SPI_Cmd  0x080097c8       0x14 ..\obj\stm32f0xx_spi.o
                0x080097c8                SPI_Cmd
 .text.SPI_RxFIFOThresholdConfig
                0x080097dc       0x14 ..\obj\stm32f0xx_spi.o
                0x080097dc                SPI_RxFIFOThresholdConfig
 .text.SPI_SSOutputCmd
                0x080097f0       0x14 ..\obj\stm32f0xx_spi.o
                0x080097f0                SPI_SSOutputCmd
 .text.SPI_ReceiveData8
                0x08009804        0x8 ..\obj\stm32f0xx_spi.o
                0x08009804                SPI_ReceiveData8
 .text.SPI_I2S_DMACmd
                0x0800980c       0x14 ..\obj\stm32f0xx_spi.o
                0x0800980c                SPI_I2S_DMACmd
 .text.SPI_GetTransmissionFIFOStatus
                0x08009820        0xc ..\obj\stm32f0xx_spi.o
                0x08009820                SPI_GetTransmissionFIFOStatus
 .text.SPI_GetReceptionFIFOStatus
                0x0800982c        0xc ..\obj\stm32f0xx_spi.o
                0x0800982c                SPI_GetReceptionFIFOStatus
 .text.SPI_I2S_GetFlagStatus
                0x08009838        0xc ..\obj\stm32f0xx_spi.o
                0x08009838                SPI_I2S_GetFlagStatus
 .text.msq_init
                0x08009844       0xb0 ..\obj\msq_config.o
                0x08009844                msq_init
 .text.msq_mem_init
                0x080098f4       0x58 ..\obj\msq_config.o
                0x080098f4                msq_mem_init
 .text.msq_ld_fw
                0x0800994c       0x38 ..\obj\msq_config.o
                0x0800994c                msq_ld_fw
 .text.msq_ld_seq
                0x08009984      0x3ac ..\obj\msq_config.o
                0x08009984                msq_ld_seq
 .text.wait_for_msq_ready_timeout
                0x08009d30       0x64 ..\obj\msq_config.o
                0x08009d30                wait_for_msq_ready_timeout
 .text.msq_start
                0x08009d94       0xac ..\obj\msq_config.o
                0x08009d94                msq_start
 .text.msq_seq_write
                0x08009e40       0xc8 ..\obj\msq_config.o
                0x08009e40                msq_seq_write
 .text.msq_run_test
                0x08009f08       0x68 ..\obj\msq_config.o
                0x08009f08                msq_run_test
 .text.msq_get_state
                0x08009f70       0x28 ..\obj\msq_config.o
                0x08009f70                msq_get_state
 .text.msq_stop
                0x08009f98       0x1c ..\obj\msq_config.o
                0x08009f98                msq_stop
 .text.msq_mux_cfg
                0x08009fb4       0x84 ..\obj\msq_config.o
                0x08009fb4                msq_mux_cfg
 .text.msq_write_eos
                0x0800a038       0x84 ..\obj\msq_config.o
                0x0800a038                msq_write_eos
 .text.msq_write_raw_seq
                0x0800a0bc      0x1e8 ..\obj\msq_config.o
                0x0800a0bc                msq_write_raw_seq
 .text.msq_write_pm_seq
                0x0800a2a4      0x1ac ..\obj\msq_config.o
                0x0800a2a4                msq_write_pm_seq
 .text.msq_write_pm
                0x0800a450      0x3a8 ..\obj\msq_config.o
                0x0800a450                msq_write_pm
 .text.msq_DCO_start
                0x0800a7f8       0x84 ..\obj\msq_config.o
                0x0800a7f8                msq_DCO_start
 .text.msq_DCO_stop
                0x0800a87c       0x78 ..\obj\msq_config.o
                0x0800a87c                msq_DCO_stop
 .text.uwb_com_create_command
                0x0800a8f4      0x368 ..\obj\uwbmodule_com_common.o
                0x0800a8f4                uwb_com_create_command
 .text.uwb_com_analyze_gotcommand
                0x0800ac5c      0x1b0 ..\obj\uwbmodule_com_common.o
                0x0800ac5c                uwb_com_analyze_gotcommand
 .text.uwb_com_answer_gotcommand
                0x0800ae0c       0x78 ..\obj\uwbmodule_com_common.o
                0x0800ae0c                uwb_com_answer_gotcommand
 .text.uwb_enqueue_cmd
                0x0800ae84       0xa8 ..\obj\uwbmodule_com_common.o
                0x0800ae84                uwb_enqueue_cmd
 .text.uwb_dequeue_cmd
                0x0800af2c       0x78 ..\obj\uwbmodule_com_common.o
                0x0800af2c                uwb_dequeue_cmd
 .text.uwb_get_queue_info
                0x0800afa4       0x54 ..\obj\uwbmodule_com_common.o
                0x0800afa4                uwb_get_queue_info
 .text.uwb_is_queue_full
                0x0800aff8       0x1c ..\obj\uwbmodule_com_common.o
                0x0800aff8                uwb_is_queue_full
 .text.uwb_clean_queue
                0x0800b014       0x30 ..\obj\uwbmodule_com_common.o
                0x0800b014                uwb_clean_queue
 .text.HAL_EXTI_DeInit
                0x0800b044        0xc ..\obj\EXTI.o
                0x0800b044                HAL_EXTI_DeInit
 .text.HAL_EXTI_Init
                0x0800b050      0x144 ..\obj\EXTI.o
                0x0800b050                HAL_EXTI_Init
 .text.HAL_EXTI_LowPower
                0x0800b194       0x24 ..\obj\EXTI.o
                0x0800b194                HAL_EXTI_LowPower
 .text.RTC_IRQHandler
                0x0800b1b8       0x24 ..\obj\EXTI.o
                0x0800b1b8                RTC_IRQHandler
 .text.EXTI0_1_IRQHandler
                0x0800b1dc       0x28 ..\obj\EXTI.o
                0x0800b1dc                EXTI0_1_IRQHandler
 .text.EXTI2_3_IRQHandler
                0x0800b204       0x28 ..\obj\EXTI.o
                0x0800b204                EXTI2_3_IRQHandler
 .text.EXTI4_15_IRQHandler
                0x0800b22c      0x138 ..\obj\EXTI.o
                0x0800b22c                EXTI4_15_IRQHandler
 .text.GPIO_Init
                0x0800b364       0x90 ..\obj\stm32f0xx_gpio.o
                0x0800b364                GPIO_Init
 .text.GPIO_StructInit
                0x0800b3f4       0x18 ..\obj\stm32f0xx_gpio.o
                0x0800b3f4                GPIO_StructInit
 .text.GPIO_ReadInputDataBit
                0x0800b40c        0xc ..\obj\stm32f0xx_gpio.o
                0x0800b40c                GPIO_ReadInputDataBit
 .text.GPIO_ReadInputData
                0x0800b418        0x8 ..\obj\stm32f0xx_gpio.o
                0x0800b418                GPIO_ReadInputData
 .text.GPIO_ReadOutputDataBit
                0x0800b420        0xc ..\obj\stm32f0xx_gpio.o
                0x0800b420                GPIO_ReadOutputDataBit
 .text.GPIO_ReadOutputData
                0x0800b42c        0x8 ..\obj\stm32f0xx_gpio.o
                0x0800b42c                GPIO_ReadOutputData
 .text.GPIO_SetBits
                0x0800b434        0x4 ..\obj\stm32f0xx_gpio.o
                0x0800b434                GPIO_SetBits
 .text.GPIO_ResetBits
                0x0800b438        0x4 ..\obj\stm32f0xx_gpio.o
                0x0800b438                GPIO_ResetBits
 .text.GPIO_PinAFConfig
                0x0800b43c       0x24 ..\obj\stm32f0xx_gpio.o
                0x0800b43c                GPIO_PinAFConfig
 .text.sys_get_shared_buf
                0x0800b460       0xd0 ..\obj\module_api_sys.o
                0x0800b460                sys_get_shared_buf
 .text.sys_get_shared_data
                0x0800b530       0xb8 ..\obj\module_api_sys.o
                0x0800b530                sys_get_shared_data
 .text.sys_set_shared_data_size
                0x0800b5e8       0x6c ..\obj\module_api_sys.o
                0x0800b5e8                sys_set_shared_data_size
 .text.sys_set_shared_data_checksum
                0x0800b654       0xd0 ..\obj\module_api_sys.o
                0x0800b654                sys_set_shared_data_checksum
 .text.sys_get_shared_data_checksum
                0x0800b724       0x84 ..\obj\module_api_sys.o
                0x0800b724                sys_get_shared_data_checksum
 .text.sys_deinit_firmware
                0x0800b7a8       0x30 ..\obj\module_api_sys.o
 .text.sys_init_firmware
                0x0800b7d8       0xe8 ..\obj\module_api_sys.o
 .text.sys_reset_dimmer
                0x0800b8c0       0x28 ..\obj\module_api_sys.o
 .text.sys_get_deflt_value
                0x0800b8e8      0x17c ..\obj\module_api_sys.o
 .text.sys_get_mcuid
                0x0800ba64      0x268 ..\obj\module_api_sys.o
                0x0800ba64                sys_get_mcuid
 .text.sys_enable_msq
                0x0800bccc       0x20 ..\obj\module_api_sys.o
                0x0800bccc                sys_enable_msq
 .text.sys_enable_pm
                0x0800bcec       0x20 ..\obj\module_api_sys.o
                0x0800bcec                sys_enable_pm
 .text.sys_enable_lta
                0x0800bd0c       0x20 ..\obj\module_api_sys.o
                0x0800bd0c                sys_enable_lta
 .text.sys_is_init_busy
                0x0800bd2c       0x20 ..\obj\module_api_sys.o
                0x0800bd2c                sys_is_init_busy
 .text.sys_set_init_busy
                0x0800bd4c       0x48 ..\obj\module_api_sys.o
                0x0800bd4c                sys_set_init_busy
 .text._sys_init
                0x0800bd94      0x35c ..\obj\module_api_sys.o
 .text._sys_reinit
                0x0800c0f0       0x38 ..\obj\module_api_sys.o
 .text.sys_reinit
                0x0800c128       0x14 ..\obj\module_api_sys.o
                0x0800c128                sys_reinit
 .text.sys_init
                0x0800c13c       0x1c ..\obj\module_api_sys.o
                0x0800c13c                sys_init
 .text.sys_hardFault_save
                0x0800c158       0xe4 ..\obj\module_api_sys.o
 .text.sys_manage_hardFault
                0x0800c23c       0x3c ..\obj\module_api_sys.o
                0x0800c23c                sys_manage_hardFault
 .text.sys_authorizesleep_after_tval
                0x0800c278      0x12c ..\obj\module_api_sys.o
 .text.sys_authorizesleep_after_X_sec
                0x0800c3a4       0x48 ..\obj\module_api_sys.o
                0x0800c3a4                sys_authorizesleep_after_X_sec
 .text.sys_authorizesleep_after_X_msec
                0x0800c3ec       0x78 ..\obj\module_api_sys.o
                0x0800c3ec                sys_authorizesleep_after_X_msec
 .text.sys_authorizesleep_after_X_usec
                0x0800c464       0x74 ..\obj\module_api_sys.o
                0x0800c464                sys_authorizesleep_after_X_usec
 .text.sys_get_wake_up_reason
                0x0800c4d8       0x20 ..\obj\module_api_sys.o
                0x0800c4d8                sys_get_wake_up_reason
 .text.sys_set_wake_up_reason
                0x0800c4f8       0x4c ..\obj\module_api_sys.o
                0x0800c4f8                sys_set_wake_up_reason
 .text.sys_reset_wake_up_reason
                0x0800c544       0x38 ..\obj\module_api_sys.o
                0x0800c544                sys_reset_wake_up_reason
 .text.sys_get_info
                0x0800c57c      0x678 ..\obj\module_api_sys.o
                0x0800c57c                sys_get_info
 .text.sys_stop_mcu
                0x0800cbf4      0x20c ..\obj\module_api_sys.o
                0x0800cbf4                sys_stop_mcu
 .text.sys_force_mcu_run
                0x0800ce00       0x48 ..\obj\module_api_sys.o
                0x0800ce00                sys_force_mcu_run
 .text.sys_set_mcu_state
                0x0800ce48      0x190 ..\obj\module_api_sys.o
                0x0800ce48                sys_set_mcu_state
 .text.sys_rtc_deepSleep
                0x0800cfd8       0x5c ..\obj\module_api_sys.o
 .text.sys_rtc_wake_up_after
                0x0800d034       0x5c ..\obj\module_api_sys.o
                0x0800d034                sys_rtc_wake_up_after
 .text.sys_rtc_set_fineCorrection
                0x0800d090       0x24 ..\obj\module_api_sys.o
                0x0800d090                sys_rtc_set_fineCorrection
 .text.sys_rtc_get_corrections
                0x0800d0b4       0x1c ..\obj\module_api_sys.o
                0x0800d0b4                sys_rtc_get_corrections
 .text.sys_rtc_set_precisionFactor
                0x0800d0d0       0x20 ..\obj\module_api_sys.o
                0x0800d0d0                sys_rtc_set_precisionFactor
 .text.sys_rtc_get_precisionFactor
                0x0800d0f0       0x18 ..\obj\module_api_sys.o
                0x0800d0f0                sys_rtc_get_precisionFactor
 .text.sys_is_dac_val_busy
                0x0800d108       0x20 ..\obj\module_api_sys.o
                0x0800d108                sys_is_dac_val_busy
 .text.sys_set_dac_val_busy
                0x0800d128       0x48 ..\obj\module_api_sys.o
                0x0800d128                sys_set_dac_val_busy
 .text.sys_get_dac_val
                0x0800d170       0x44 ..\obj\module_api_sys.o
                0x0800d170                sys_get_dac_val
 .text.sys_set_dac_val
                0x0800d1b4       0x44 ..\obj\module_api_sys.o
                0x0800d1b4                sys_set_dac_val
 .text.sys_is_capatune_busy
                0x0800d1f8       0x20 ..\obj\module_api_sys.o
                0x0800d1f8                sys_is_capatune_busy
 .text.sys_set_capatune_busy
                0x0800d218       0x48 ..\obj\module_api_sys.o
                0x0800d218                sys_set_capatune_busy
 .text.sys_get_capatune_val
                0x0800d260       0x20 ..\obj\module_api_sys.o
                0x0800d260                sys_get_capatune_val
 .text.sys_set_capatune_val
                0x0800d280       0x4c ..\obj\module_api_sys.o
                0x0800d280                sys_set_capatune_val
 .text.sys_is_rxframe_cfg_busy
                0x0800d2cc       0x20 ..\obj\module_api_sys.o
                0x0800d2cc                sys_is_rxframe_cfg_busy
 .text.sys_set_rxframe_cfg_busy
                0x0800d2ec       0x48 ..\obj\module_api_sys.o
                0x0800d2ec                sys_set_rxframe_cfg_busy
 .text.sys_get_rxframe_cfg
                0x0800d334       0x20 ..\obj\module_api_sys.o
                0x0800d334                sys_get_rxframe_cfg
 .text.sys_set_rxframe_cfg
                0x0800d354       0x24 ..\obj\module_api_sys.o
                0x0800d354                sys_set_rxframe_cfg
 .text.sys_is_statusmsk_busy
                0x0800d378       0x20 ..\obj\module_api_sys.o
                0x0800d378                sys_is_statusmsk_busy
 .text.sys_set_statusmsk_busy
                0x0800d398       0x48 ..\obj\module_api_sys.o
                0x0800d398                sys_set_statusmsk_busy
 .text.sys_get_status_mask
                0x0800d3e0       0x44 ..\obj\module_api_sys.o
                0x0800d3e0                sys_get_status_mask
 .text.sys_set_status_mask
                0x0800d424       0x58 ..\obj\module_api_sys.o
                0x0800d424                sys_set_status_mask
 .text.sys_check_status
                0x0800d47c       0x44 ..\obj\module_api_sys.o
                0x0800d47c                sys_check_status
 .text.sys_reset_status
                0x0800d4c0       0x48 ..\obj\module_api_sys.o
                0x0800d4c0                sys_reset_status
 .text.sys_get_status
                0x0800d508       0x44 ..\obj\module_api_sys.o
                0x0800d508                sys_get_status
 .text.sys_set_status
                0x0800d54c       0x80 ..\obj\module_api_sys.o
                0x0800d54c                sys_set_status
 .text.sys_is_checkcache_busy
                0x0800d5cc       0x20 ..\obj\module_api_sys.o
                0x0800d5cc                sys_is_checkcache_busy
 .text.sys_set_checkcache_busy
                0x0800d5ec       0x48 ..\obj\module_api_sys.o
                0x0800d5ec                sys_set_checkcache_busy
 .text.sys_checkcache
                0x0800d634       0xfc ..\obj\module_api_sys.o
                0x0800d634                sys_checkcache
 .text.sys_get_checkcache
                0x0800d730       0x20 ..\obj\module_api_sys.o
                0x0800d730                sys_get_checkcache
 .text.sys_process
                0x0800d750       0x2c ..\obj\module_api_sys.o
                0x0800d750                sys_process
 .text.sys_led_management
                0x0800d77c      0x100 ..\obj\module_api_sys.o
                0x0800d77c                sys_led_management
 .text.sys_is_module_moving
                0x0800d87c       0x2c ..\obj\module_api_sys.o
                0x0800d87c                sys_is_module_moving
 .text.sys_update_battery_and_temperature_info
                0x0800d8a8       0x90 ..\obj\module_api_sys.o
                0x0800d8a8                sys_update_battery_and_temperature_info
 .text.sys_get_battery_level
                0x0800d938       0x64 ..\obj\module_api_sys.o
                0x0800d938                sys_get_battery_level
 .text.sys_get_temperature_level
                0x0800d99c       0x60 ..\obj\module_api_sys.o
                0x0800d99c                sys_get_temperature_level
 .text.ClearIRQReg
                0x0800d9fc       0x40 ..\obj\module_api_sys.o
 .text.sys_noise_or_treshold_test
                0x0800da3c      0x300 ..\obj\module_api_sys.o
                0x0800da3c                sys_noise_or_treshold_test
 .text.sys_test_soldering
                0x0800dd3c      0x380 ..\obj\module_api_sys.o
                0x0800dd3c                sys_test_soldering
 .text.sys_test_rfdesign
                0x0800e0bc      0x26c ..\obj\module_api_sys.o
                0x0800e0bc                sys_test_rfdesign
 .text.RTC_DeInit
                0x0800e328       0x58 ..\obj\stm32f0xx_rtc.o
                0x0800e328                RTC_DeInit
 .text.RTC_Init
                0x0800e380       0x48 ..\obj\stm32f0xx_rtc.o
                0x0800e380                RTC_Init
 .text.RTC_EnterInitMode
                0x0800e3c8       0x3c ..\obj\stm32f0xx_rtc.o
                0x0800e3c8                RTC_EnterInitMode
 .text.RTC_ExitInitMode
                0x0800e404       0x10 ..\obj\stm32f0xx_rtc.o
                0x0800e404                RTC_ExitInitMode
 .text.RTC_WaitForSynchro
                0x0800e414       0x4c ..\obj\stm32f0xx_rtc.o
                0x0800e414                RTC_WaitForSynchro
 .text.RTC_SetTime
                0x0800e460       0xb0 ..\obj\stm32f0xx_rtc.o
                0x0800e460                RTC_SetTime
 .text.RTC_GetTime
                0x0800e510       0x48 ..\obj\stm32f0xx_rtc.o
                0x0800e510                RTC_GetTime
 .text.RTC_GetSubSecond
                0x0800e558        0xc ..\obj\stm32f0xx_rtc.o
                0x0800e558                RTC_GetSubSecond
 .text.RTC_SetAlarm
                0x0800e564       0xb8 ..\obj\stm32f0xx_rtc.o
                0x0800e564                RTC_SetAlarm
 .text.RTC_AlarmStructInit
                0x0800e61c       0x14 ..\obj\stm32f0xx_rtc.o
                0x0800e61c                RTC_AlarmStructInit
 .text.RTC_AlarmCmd
                0x0800e630       0x54 ..\obj\stm32f0xx_rtc.o
                0x0800e630                RTC_AlarmCmd
 .text.RTC_AlarmSubSecondConfig
                0x0800e684       0x1c ..\obj\stm32f0xx_rtc.o
                0x0800e684                RTC_AlarmSubSecondConfig
 .text.RTC_ITConfig
                0x0800e6a0       0x44 ..\obj\stm32f0xx_rtc.o
                0x0800e6a0                RTC_ITConfig
 .text.RTC_ClearFlag
                0x0800e6e4       0x20 ..\obj\stm32f0xx_rtc.o
                0x0800e6e4                RTC_ClearFlag
 .text.RTC_GetITStatus
                0x0800e704       0x38 ..\obj\stm32f0xx_rtc.o
                0x0800e704                RTC_GetITStatus
 .text.RTC_ClearITPendingBit
                0x0800e73c       0x1c ..\obj\stm32f0xx_rtc.o
                0x0800e73c                RTC_ClearITPendingBit
 .text.RTC_ByteToBcd2
                0x0800e758       0x18 ..\obj\stm32f0xx_rtc.o
 .text.RTC_Bcd2ToByte
                0x0800e770       0x10 ..\obj\stm32f0xx_rtc.o
 .text._sbrk    0x0800e780       0x20 ..\obj\syscalls.o
                0x0800e780                _sbrk
 .text.USART_DeInit
                0x0800e7a0       0x78 ..\obj\stm32f0xx_usart.o
                0x0800e7a0                USART_DeInit
 .text.USART_Init
                0x0800e818       0xc0 ..\obj\stm32f0xx_usart.o
                0x0800e818                USART_Init
 .text.USART_Cmd
                0x0800e8d8       0x14 ..\obj\stm32f0xx_usart.o
                0x0800e8d8                USART_Cmd
 .text.USART_SendData
                0x0800e8ec        0x8 ..\obj\stm32f0xx_usart.o
                0x0800e8ec                USART_SendData
 .text.USART_ReceiveData
                0x0800e8f4        0x8 ..\obj\stm32f0xx_usart.o
                0x0800e8f4                USART_ReceiveData
 .text.USART_GetFlagStatus
                0x0800e8fc        0xc ..\obj\stm32f0xx_usart.o
                0x0800e8fc                USART_GetFlagStatus
 .text.USART_ClearFlag
                0x0800e908        0x4 ..\obj\stm32f0xx_usart.o
                0x0800e908                USART_ClearFlag
 .text.TIM_DeInit
                0x0800e90c       0xe8 ..\obj\stm32f0xx_tim.o
                0x0800e90c                TIM_DeInit
 .text.TIM_TimeBaseInit
                0x0800e9f4       0x78 ..\obj\stm32f0xx_tim.o
                0x0800e9f4                TIM_TimeBaseInit
 .text.TIM_TimeBaseStructInit
                0x0800ea6c       0x14 ..\obj\stm32f0xx_tim.o
                0x0800ea6c                TIM_TimeBaseStructInit
 .text.TIM_PrescalerConfig
                0x0800ea80        0x8 ..\obj\stm32f0xx_tim.o
                0x0800ea80                TIM_PrescalerConfig
 .text.TIM_SetCounter
                0x0800ea88        0x4 ..\obj\stm32f0xx_tim.o
                0x0800ea88                TIM_SetCounter
 .text.TIM_Cmd  0x0800ea8c       0x18 ..\obj\stm32f0xx_tim.o
                0x0800ea8c                TIM_Cmd
 .text.TIM_ICInit
                0x0800eaa4       0x5c ..\obj\stm32f0xx_tim.o
                0x0800eaa4                TIM_ICInit
 .text.TIM_GetCapture1
                0x0800eb00        0x4 ..\obj\stm32f0xx_tim.o
                0x0800eb00                TIM_GetCapture1
 .text.TIM_SetIC1Prescaler
                0x0800eb04       0x14 ..\obj\stm32f0xx_tim.o
                0x0800eb04                TIM_SetIC1Prescaler
 .text.TIM_SetIC2Prescaler
                0x0800eb18       0x1c ..\obj\stm32f0xx_tim.o
                0x0800eb18                TIM_SetIC2Prescaler
 .text.TIM_SetIC3Prescaler
                0x0800eb34       0x14 ..\obj\stm32f0xx_tim.o
                0x0800eb34                TIM_SetIC3Prescaler
 .text.TIM_SetIC4Prescaler
                0x0800eb48       0x1c ..\obj\stm32f0xx_tim.o
                0x0800eb48                TIM_SetIC4Prescaler
 .text.TIM_ITConfig
                0x0800eb64       0x14 ..\obj\stm32f0xx_tim.o
                0x0800eb64                TIM_ITConfig
 .text.TIM_GetFlagStatus
                0x0800eb78        0xc ..\obj\stm32f0xx_tim.o
                0x0800eb78                TIM_GetFlagStatus
 .text.TIM_ClearFlag
                0x0800eb84        0x8 ..\obj\stm32f0xx_tim.o
                0x0800eb84                TIM_ClearFlag
 .text.TIM_GetITStatus
                0x0800eb8c       0x18 ..\obj\stm32f0xx_tim.o
                0x0800eb8c                TIM_GetITStatus
 .text.TIM_ClearITPendingBit
                0x0800eba4        0x8 ..\obj\stm32f0xx_tim.o
                0x0800eba4                TIM_ClearITPendingBit
 .text.TIM_SelectOutputTrigger
                0x0800ebac       0x14 ..\obj\stm32f0xx_tim.o
                0x0800ebac                TIM_SelectOutputTrigger
 .text.TIM_RemapConfig
                0x0800ebc0        0x8 ..\obj\stm32f0xx_tim.o
                0x0800ebc0                TIM_RemapConfig
 .text.TI1_Config
                0x0800ebc8       0x30 ..\obj\stm32f0xx_tim.o
 .text.TI2_Config
                0x0800ebf8       0x40 ..\obj\stm32f0xx_tim.o
 .text.TI3_Config
                0x0800ec38       0x3c ..\obj\stm32f0xx_tim.o
 .text.TI4_Config
                0x0800ec74       0x44 ..\obj\stm32f0xx_tim.o
 .text.analyzeChar
                0x0800ecb8      0x260 ..\obj\shell.o
 .text.shell_interface
                0x0800ef18      0x19c ..\obj\shell.o
                0x0800ef18                shell_interface
 .text.shell_trace_line
                0x0800f0b4       0x28 ..\obj\shell.o
 .text.shell_help
                0x0800f0dc      0x200 ..\obj\shell.o
                0x0800f0dc                shell_help
 .text.shell_prompt
                0x0800f2dc       0x1c ..\obj\shell.o
                0x0800f2dc                shell_prompt
 .text.shell_process
                0x0800f2f8        0x8 ..\obj\shell.o
                0x0800f2f8                shell_process
 .text.SystemInit
                0x0800f300       0x6c ..\obj\system_stm32f0xx.o
                0x0800f300                SystemInit
 .text.SetSysClock
                0x0800f36c       0x40 ..\obj\system_stm32f0xx.o
 .text.HAL_SPI_DeInit
                0x0800f3ac       0x18 ..\obj\SPI.o
                0x0800f3ac                HAL_SPI_DeInit
 .text.HAL_SPI_Init
                0x0800f3c4        0xc ..\obj\SPI.o
                0x0800f3c4                HAL_SPI_Init
 .text.HAL_SPI1_Init_Slave
                0x0800f3d0      0x104 ..\obj\SPI.o
                0x0800f3d0                HAL_SPI1_Init_Slave
 .text.HAL_SPI2_Init
                0x0800f4d4       0xac ..\obj\SPI.o
                0x0800f4d4                HAL_SPI2_Init
 .text.HAL_SPI2_write_buffer
                0x0800f580       0x70 ..\obj\SPI.o
                0x0800f580                HAL_SPI2_write_buffer
 .text.HAL_SPI2_read_buffer
                0x0800f5f0       0x84 ..\obj\SPI.o
                0x0800f5f0                HAL_SPI2_read_buffer
 .text.HAL_SPI2_write_burst
                0x0800f674       0xbc ..\obj\SPI.o
                0x0800f674                HAL_SPI2_write_burst
 .text.HAL_SPI2_read_burst
                0x0800f730       0xe4 ..\obj\SPI.o
                0x0800f730                HAL_SPI2_read_burst
 .text.HAL_SPI2_bridge
                0x0800f814       0x84 ..\obj\SPI.o
                0x0800f814                HAL_SPI2_bridge
 .text.OSAL_div_u64_u64
                0x0800f898       0x28 ..\obj\osal_math.o
                0x0800f898                OSAL_div_u64_u64
 .text.OSAL_div_s64_s64
                0x0800f8c0       0x28 ..\obj\osal_math.o
                0x0800f8c0                OSAL_div_s64_s64
 .text.OSAL_int_sqrt64
                0x0800f8e8       0xc8 ..\obj\osal_math.o
                0x0800f8e8                OSAL_int_sqrt64
 .text.__OSAL_malloc
                0x0800f9b0       0x28 ..\obj\osal_stdlib.o
                0x0800f9b0                __OSAL_malloc
 .text.__OSAL_free
                0x0800f9d8       0x20 ..\obj\osal_stdlib.o
                0x0800f9d8                __OSAL_free
 .text.OSAL_memcpy
                0x0800f9f8       0x28 ..\obj\osal_stdlib.o
                0x0800f9f8                OSAL_memcpy
 .text.OSAL_memset
                0x0800fa20       0x28 ..\obj\osal_stdlib.o
                0x0800fa20                OSAL_memset
 .text.EXTI_DeInit
                0x0800fa48       0x20 ..\obj\stm32f0xx_exti.o
                0x0800fa48                EXTI_DeInit
 .text.EXTI_Init
                0x0800fa68       0x6c ..\obj\stm32f0xx_exti.o
                0x0800fa68                EXTI_Init
 .text.EXTI_StructInit
                0x0800fad4       0x10 ..\obj\stm32f0xx_exti.o
                0x0800fad4                EXTI_StructInit
 .text.EXTI_GetITStatus
                0x0800fae4       0x14 ..\obj\stm32f0xx_exti.o
                0x0800fae4                EXTI_GetITStatus
 .text.EXTI_ClearITPendingBit
                0x0800faf8        0xc ..\obj\stm32f0xx_exti.o
                0x0800faf8                EXTI_ClearITPendingBit
 .text.testResultToString
                0x0800fb04       0x20 ..\obj\ShellCommand_system.o
                0x0800fb04                testResultToString
 .text.test_reinit
                0x0800fb24        0xc ..\obj\ShellCommand_system.o
                0x0800fb24                test_reinit
 .text.help_fct
                0x0800fb30       0x14 ..\obj\ShellCommand_system.o
                0x0800fb30                help_fct
 .text.reset_fct
                0x0800fb44        0xc ..\obj\ShellCommand_system.o
                0x0800fb44                reset_fct
 .text.mcu_id_fct
                0x0800fb50       0x3c ..\obj\ShellCommand_system.o
                0x0800fb50                mcu_id_fct
 .text.version_fct
                0x0800fb8c       0x80 ..\obj\ShellCommand_system.o
                0x0800fb8c                version_fct
 .text.serial_fct
                0x0800fc0c       0x38 ..\obj\ShellCommand_system.o
                0x0800fc0c                serial_fct
 .text.macAddress_fct
                0x0800fc44       0x60 ..\obj\ShellCommand_system.o
                0x0800fc44                macAddress_fct
 .text.dac_fct  0x0800fca4       0x28 ..\obj\ShellCommand_system.o
                0x0800fca4                dac_fct
 .text.dac_en_fct
                0x0800fccc       0x3c ..\obj\ShellCommand_system.o
                0x0800fccc                dac_en_fct
 .text.soldering_fct
                0x0800fd08       0xc8 ..\obj\ShellCommand_system.o
                0x0800fd08                soldering_fct
 .text.io_conf_fct
                0x0800fdd0        0xc ..\obj\ShellCommand_system.o
                0x0800fdd0                io_conf_fct
 .text.temperature_fct
                0x0800fddc       0x3c ..\obj\ShellCommand_system.o
                0x0800fddc                temperature_fct
 .text.battery_fct
                0x0800fe18       0x50 ..\obj\ShellCommand_system.o
                0x0800fe18                battery_fct
 .text.spiTrace_fct
                0x0800fe68       0x20 ..\obj\ShellCommand_system.o
                0x0800fe68                spiTrace_fct
 .text.rfdesign_fct
                0x0800fe88      0x1b4 ..\obj\ShellCommand_system.o
                0x0800fe88                rfdesign_fct
 .text.lse_en_fct
                0x0801003c       0x50 ..\obj\ShellCommand_system.o
                0x0801003c                lse_en_fct
 .text.lse_drv_cfg_fct
                0x0801008c       0x64 ..\obj\ShellCommand_system.o
                0x0801008c                lse_drv_cfg_fct
 .text.rtcpres_fct
                0x080100f0       0x34 ..\obj\ShellCommand_system.o
                0x080100f0                rtcpres_fct
 .text.rtcTime_fct
                0x08010124       0x1c ..\obj\ShellCommand_system.o
                0x08010124                rtcTime_fct
 .text.rtc_fct  0x08010140       0x78 ..\obj\ShellCommand_system.o
                0x08010140                rtc_fct
 .text.rtctune_fct
                0x080101b8       0xe0 ..\obj\ShellCommand_system.o
                0x080101b8                rtctune_fct
 .text.rtcclock_fct
                0x08010298       0xcc ..\obj\ShellCommand_system.o
                0x08010298                rtcclock_fct
 .text.periph_lp_fct
                0x08010364       0x34 ..\obj\ShellCommand_system.o
                0x08010364                periph_lp_fct
 .text.io_ctrl_fct
                0x08010398       0xd8 ..\obj\ShellCommand_system.o
                0x08010398                io_ctrl_fct
 .text.io_read_fct
                0x08010470      0x10c ..\obj\ShellCommand_system.o
                0x08010470                io_read_fct
 .text.msq_en_fct
                0x0801057c       0x38 ..\obj\ShellCommand_system.o
                0x0801057c                msq_en_fct
 .text.lta_fct  0x080105b4       0x24 ..\obj\ShellCommand_system.o
                0x080105b4                lta_fct
 .text.w_fct    0x080105d8       0x40 ..\obj\ShellCommand_system.o
                0x080105d8                w_fct
 .text.r_fct    0x08010618       0x50 ..\obj\ShellCommand_system.o
                0x08010618                r_fct
 .text.thld_fct
                0x08010668       0x58 ..\obj\ShellCommand_system.o
                0x08010668                thld_fct
 .text.read_thld_fct
                0x080106c0       0x18 ..\obj\ShellCommand_system.o
                0x080106c0                read_thld_fct
 .text.thld_test_fct
                0x080106d8       0xf4 ..\obj\ShellCommand_system.o
                0x080106d8                thld_test_fct
 .text.noise_test_fct
                0x080107cc      0x110 ..\obj\ShellCommand_system.o
                0x080107cc                noise_test_fct
 .text.alloclevel_fct
                0x080108dc       0x10 ..\obj\ShellCommand_system.o
                0x080108dc                alloclevel_fct
 .text.allocate_fct
                0x080108ec       0x44 ..\obj\ShellCommand_system.o
                0x080108ec                allocate_fct
 .text.testBitfiled_fct
                0x08010930        0x4 ..\obj\ShellCommand_system.o
                0x08010930                testBitfiled_fct
 .text.shellcommand_misc_reinit
                0x08010934       0x3c ..\obj\ShellCommand_misc.o
                0x08010934                shellcommand_misc_reinit
 .text.shellcommand_misc_Process
                0x08010970       0x50 ..\obj\ShellCommand_misc.o
                0x08010970                shellcommand_misc_Process
 .text.resetVect
                0x080109c0       0x40 ..\obj\ShellCommand_misc.o
 .text.getVect0
                0x08010a00       0x48 ..\obj\ShellCommand_misc.o
 .text.rxtxrf_test_process
                0x08010a48      0x5ec ..\obj\ShellCommand_misc.o
 .text.tx_fct   0x08011034       0x34 ..\obj\ShellCommand_misc.o
                0x08011034                tx_fct
 .text.rxorrf_fct
                0x08011068       0x2c ..\obj\ShellCommand_misc.o
 .text.rx_fct   0x08011094        0xc ..\obj\ShellCommand_misc.o
                0x08011094                rx_fct
 .text.get_twOffset
                0x080110a0       0x30 ..\obj\ShellCommand_misc.o
 .text.twoWayRngDoProcess
                0x080110d0      0x37c ..\obj\ShellCommand_misc.o
 .text.twoWayRngProcess
                0x0801144c       0x30 ..\obj\ShellCommand_misc.o
                0x0801144c                twoWayRngProcess
 .text.twoWayRng
                0x0801147c      0x2c8 ..\obj\ShellCommand_misc.o
                0x0801147c                twoWayRng
 .text.rfloop_fct
                0x08011744        0xc ..\obj\ShellCommand_misc.o
                0x08011744                rfloop_fct
 .text.checkMove_fct
                0x08011750       0x24 ..\obj\ShellCommand_misc.o
                0x08011750                checkMove_fct
 .text.uwb_com_printpckt
                0x08011774       0x4c ..\obj\uwbmodule_com_specific.o
                0x08011774                uwb_com_printpckt
 .text.uwb_com_print
                0x080117c0       0x88 ..\obj\uwbmodule_com_specific.o
                0x080117c0                uwb_com_print
 .text.uwb_com_process_sys_command
                0x08011848      0x1fc ..\obj\uwbmodule_com_specific.o
 .text.uwb_com_process_radio_command
                0x08011a44      0x2b8 ..\obj\uwbmodule_com_specific.o
 .text.uwb_com_process_seq_command
                0x08011cfc       0xf0 ..\obj\uwbmodule_com_specific.o
 .text.uwb_com_process_command
                0x08011dec       0x98 ..\obj\uwbmodule_com_specific.o
                0x08011dec                uwb_com_process_command
 .text.SYSCFG_DeInit
                0x08011e84       0x24 ..\obj\stm32f0xx_syscfg.o
                0x08011e84                SYSCFG_DeInit
 .text.SYSCFG_EXTILineConfig
                0x08011ea8       0x2c ..\obj\stm32f0xx_syscfg.o
                0x08011ea8                SYSCFG_EXTILineConfig
 *fill*         0x08011ed4        0x4 
 .text.updateRealCor
                0x08011ed8       0xb0 ..\obj\RTC.o
 .text.HAL_convertTVALToUsec64Corr
                0x08011f88       0x88 ..\obj\RTC.o
 .text.roundusec_2_SYNCHPREDIV
                0x08012010       0x90 ..\obj\RTC.o
 .text.HAL_RTC_GetSysTime_usec64
                0x080120a0       0x68 ..\obj\RTC.o
 .text.HAL_RTC_DeInit
                0x08012108        0x8 ..\obj\RTC.o
                0x08012108                HAL_RTC_DeInit
 .text.HAL_RTC_Init
                0x08012110       0x64 ..\obj\RTC.o
                0x08012110                HAL_RTC_Init
 *fill*         0x08012174        0x4 
 .text.HAL_RTC_ReLaunchOrStopAlarm
                0x08012178      0x1a0 ..\obj\RTC.o
                0x08012178                HAL_RTC_ReLaunchOrStopAlarm
 .text.HAL_RTC_StartAlarm
                0x08012318       0x84 ..\obj\RTC.o
                0x08012318                HAL_RTC_StartAlarm
 .text.HAL_RTC_CancelAlarm
                0x0801239c       0x28 ..\obj\RTC.o
                0x0801239c                HAL_RTC_CancelAlarm
 *fill*         0x080123c4        0x4 
 .text.HAL_RTC_Autocalibrate
                0x080123c8       0xb8 ..\obj\RTC.o
                0x080123c8                HAL_RTC_Autocalibrate
 .text.HAL_RTC_GetTime
                0x08012480       0x30 ..\obj\RTC.o
                0x08012480                HAL_RTC_GetTime
 .text.HAL_RTC_Get_SysTime
                0x080124b0       0x48 ..\obj\RTC.o
                0x080124b0                HAL_RTC_Get_SysTime
 .text.HAL_RTC_Get_RealTime
                0x080124f8       0x48 ..\obj\RTC.o
                0x080124f8                HAL_RTC_Get_RealTime
 .text.HAL_RTC_GetFineTune
                0x08012540       0x28 ..\obj\RTC.o
                0x08012540                HAL_RTC_GetFineTune
 .text.HAL_RTC_SetFineTune
                0x08012568       0x2c ..\obj\RTC.o
                0x08012568                HAL_RTC_SetFineTune
 .text.HAL_RTC_GetPrecisionFactor
                0x08012594        0xc ..\obj\RTC.o
                0x08012594                HAL_RTC_GetPrecisionFactor
 .text.HAL_RTC_SetPrecisionFactor
                0x080125a0       0x34 ..\obj\RTC.o
                0x080125a0                HAL_RTC_SetPrecisionFactor
 .text.PWR_DeInit
                0x080125d4       0x18 ..\obj\stm32f0xx_pwr.o
                0x080125d4                PWR_DeInit
 .text.PWR_BackupAccessCmd
                0x080125ec       0x20 ..\obj\stm32f0xx_pwr.o
                0x080125ec                PWR_BackupAccessCmd
 .text.PWR_EnterSTOPMode
                0x0801260c       0x68 ..\obj\stm32f0xx_pwr.o
                0x0801260c                PWR_EnterSTOPMode
 .text.PWR_EnterSTANDBYMode
                0x08012674       0x3c ..\obj\stm32f0xx_pwr.o
                0x08012674                PWR_EnterSTANDBYMode
 .text.PWR_ClearFlag
                0x080126b0       0x10 ..\obj\stm32f0xx_pwr.o
                0x080126b0                PWR_ClearFlag
 .text.PWR_PreventFromDeepSleep
                0x080126c0       0x14 ..\obj\stm32f0xx_pwr.o
                0x080126c0                PWR_PreventFromDeepSleep
 .text.PWR_IsPreventedFromDeepSleep
                0x080126d4       0x14 ..\obj\stm32f0xx_pwr.o
                0x080126d4                PWR_IsPreventedFromDeepSleep
 .text.HAL_USART1_Init
                0x080126e8       0x4c ..\obj\USART.o
                0x080126e8                HAL_USART1_Init
 .text.HAL_USART2_Init
                0x08012734       0x4c ..\obj\USART.o
                0x08012734                HAL_USART2_Init
 .text.HAL_USART_GetChar
                0x08012780       0x94 ..\obj\USART.o
                0x08012780                HAL_USART_GetChar
 .text.HAL_USART_DeInit
                0x08012814       0x2c ..\obj\USART.o
                0x08012814                HAL_USART_DeInit
 .text.HAL_USART_Init
                0x08012840       0x20 ..\obj\USART.o
                0x08012840                HAL_USART_Init
 .text.ERR      0x08012860       0x38 ..\obj\osal_trace_STM32.o
                0x08012860                ERR
 .text.VERR     0x08012898       0x48 ..\obj\osal_trace_STM32.o
                0x08012898                VERR
 .text.WARNING  0x080128e0       0x38 ..\obj\osal_trace_STM32.o
                0x080128e0                WARNING
 .text.VWARNING
                0x08012918       0x48 ..\obj\osal_trace_STM32.o
                0x08012918                VWARNING
 .text.INFO     0x08012960       0x38 ..\obj\osal_trace_STM32.o
                0x08012960                INFO
 .text.VINFO    0x08012998       0x48 ..\obj\osal_trace_STM32.o
                0x08012998                VINFO
 .text.DBG      0x080129e0       0x38 ..\obj\osal_trace_STM32.o
                0x080129e0                DBG
 .text.VDBG     0x08012a18       0x48 ..\obj\osal_trace_STM32.o
                0x08012a18                VDBG
 .text.VVERB    0x08012a60       0x48 ..\obj\osal_trace_STM32.o
                0x08012a60                VVERB
 .text.ANY      0x08012aa8       0x38 ..\obj\osal_trace_STM32.o
                0x08012aa8                ANY
 .text.VANY     0x08012ae0       0x48 ..\obj\osal_trace_STM32.o
                0x08012ae0                VANY
 .text.NVIC_Init
                0x08012b28       0x60 ..\obj\stm32f0xx_misc.o
                0x08012b28                NVIC_Init
 .text.DAC_DeInit
                0x08012b88       0x18 ..\obj\stm32f0xx_dac.o
                0x08012b88                DAC_DeInit
 .text.DAC_Init
                0x08012ba0       0x30 ..\obj\stm32f0xx_dac.o
                0x08012ba0                DAC_Init
 .text.DAC_StructInit
                0x08012bd0        0xc ..\obj\stm32f0xx_dac.o
                0x08012bd0                DAC_StructInit
 .text.DAC_Cmd  0x08012bdc       0x28 ..\obj\stm32f0xx_dac.o
                0x08012bdc                DAC_Cmd
 .text.DAC_SetChannel2Data
                0x08012c04       0x20 ..\obj\stm32f0xx_dac.o
                0x08012c04                DAC_SetChannel2Data
 .text.OSAL_gettimeofday
                0x08012c24       0x1c ..\obj\osal_time.o
                0x08012c24                OSAL_gettimeofday
 .text.OSAL_timercmp
                0x08012c40       0xa8 ..\obj\osal_time.o
                0x08012c40                OSAL_timercmp
 .text.OSAL_timersub
                0x08012ce8       0x50 ..\obj\osal_time.o
                0x08012ce8                OSAL_timersub
 .text.OSAL_timersub_realtime
                0x08012d38       0x6c ..\obj\osal_time.o
                0x08012d38                OSAL_timersub_realtime
 .text.OSAL_timeradd
                0x08012da4       0x58 ..\obj\osal_time.o
                0x08012da4                OSAL_timeradd
 .text.OSAL_get_realtime
                0x08012dfc       0x18 ..\obj\osal_time.o
                0x08012dfc                OSAL_get_realtime
 .text.OSAL_get_systemtime
                0x08012e14       0x18 ..\obj\osal_time.o
                0x08012e14                OSAL_get_systemtime
 .text.filter_get_alloc_Size
                0x08012e2c       0x40 ..\..\..\..\LTA_LIB\libbespoon_LTA_official.a(afc_filter.o)
                0x08012e2c                filter_get_alloc_Size
 .text.filter_set_init_values
                0x08012e6c       0x6c ..\..\..\..\LTA_LIB\libbespoon_LTA_official.a(afc_filter.o)
                0x08012e6c                filter_set_init_values
 .text.filter_init
                0x08012ed8       0x6c ..\..\..\..\LTA_LIB\libbespoon_LTA_official.a(afc_filter.o)
                0x08012ed8                filter_init
 *fill*         0x08012f44        0x4 
 .text.filter_create_inPool
                0x08012f48      0x1f0 ..\..\..\..\LTA_LIB\libbespoon_LTA_official.a(afc_filter.o)
                0x08012f48                filter_create_inPool
 .text.filter_add
                0x08013138      0x124 ..\..\..\..\LTA_LIB\libbespoon_LTA_official.a(afc_filter.o)
                0x08013138                filter_add
 .text.filter_get_value
                0x0801325c       0x70 ..\..\..\..\LTA_LIB\libbespoon_LTA_official.a(afc_filter.o)
                0x0801325c                filter_get_value
 .text.filter_set_R_coeff
                0x080132cc       0x30 ..\..\..\..\LTA_LIB\libbespoon_LTA_official.a(afc_filter.o)
                0x080132cc                filter_set_R_coeff
 .text.filter_set_x_init
                0x080132fc       0x2c ..\..\..\..\LTA_LIB\libbespoon_LTA_official.a(afc_filter.o)
                0x080132fc                filter_set_x_init
 .text.lta_pow  0x08013328       0x54 ..\..\..\..\LTA_LIB\libbespoon_LTA_official.a(live_threshold_adjustment.o)
                0x08013328                lta_pow
 .text.lta_do_compute_root_threshold_from_temperature
                0x0801337c       0x58 ..\..\..\..\LTA_LIB\libbespoon_LTA_official.a(live_threshold_adjustment.o)
                0x0801337c                lta_do_compute_root_threshold_from_temperature
 .text.lta_set_temp_gain_off_for_root_threshold
                0x080133d4       0x4c ..\..\..\..\LTA_LIB\libbespoon_LTA_official.a(live_threshold_adjustment.o)
                0x080133d4                lta_set_temp_gain_off_for_root_threshold
 .text.lta_append_thld_filter_value
                0x08013420       0x30 ..\..\..\..\LTA_LIB\libbespoon_LTA_official.a(live_threshold_adjustment.o)
                0x08013420                lta_append_thld_filter_value
 .text.lta_compute_root_threshold_from_temperature
                0x08013450       0x20 ..\..\..\..\LTA_LIB\libbespoon_LTA_official.a(live_threshold_adjustment.o)
                0x08013450                lta_compute_root_threshold_from_temperature
 .text.lta_compute_threshold_from_IR
                0x08013470      0x100 ..\..\..\..\LTA_LIB\libbespoon_LTA_official.a(live_threshold_adjustment.o)
                0x08013470                lta_compute_threshold_from_IR
 .text.lta_do_compute_root_threshold_from_IR
                0x08013570       0x40 ..\..\..\..\LTA_LIB\libbespoon_LTA_official.a(live_threshold_adjustment.o)
                0x08013570                lta_do_compute_root_threshold_from_IR
 .text.lta_compute_root_threshold_from_IR
                0x080135b0       0x50 ..\..\..\..\LTA_LIB\libbespoon_LTA_official.a(live_threshold_adjustment.o)
                0x080135b0                lta_compute_root_threshold_from_IR
 .text.lta_get_live_root_threshold
                0x08013600        0xc ..\..\..\..\LTA_LIB\libbespoon_LTA_official.a(live_threshold_adjustment.o)
                0x08013600                lta_get_live_root_threshold
 *fill*         0x0801360c        0x4 
 .text.lta_init
                0x08013610       0x98 ..\..\..\..\LTA_LIB\libbespoon_LTA_official.a(live_threshold_adjustment.o)
                0x08013610                lta_init
 .text.lta_init_filter_from_temperature
                0x080136a8       0x34 ..\..\..\..\LTA_LIB\libbespoon_LTA_official.a(live_threshold_adjustment.o)
                0x080136a8                lta_init_filter_from_temperature
 *fill*         0x080136dc        0x4 
 .text.lta_reset_filter
                0x080136e0       0x80 ..\..\..\..\LTA_LIB\libbespoon_LTA_official.a(live_threshold_adjustment.o)
                0x080136e0                lta_reset_filter
 .text.lta_set_params
                0x08013760       0x4c ..\..\..\..\LTA_LIB\libbespoon_LTA_official.a(live_threshold_adjustment.o)
                0x08013760                lta_set_params
 .text.__alignedSizeof
                0x080137ac       0x18 ..\..\..\..\LTA_LIB\libbespoon_LTA_official.a(memPool.o)
                0x080137ac                __alignedSizeof
 .text.init_MemPool
                0x080137c4       0x3c ..\..\..\..\LTA_LIB\libbespoon_LTA_official.a(memPool.o)
                0x080137c4                init_MemPool
 .text.release_MemPool
                0x08013800       0x24 ..\..\..\..\LTA_LIB\libbespoon_LTA_official.a(memPool.o)
                0x08013800                release_MemPool
 .text.__allocate_in_MemPool
                0x08013824       0x28 ..\..\..\..\LTA_LIB\libbespoon_LTA_official.a(memPool.o)
                0x08013824                __allocate_in_MemPool
 *fill*         0x0801384c        0x4 
 .text.log10f   0x08013850       0xf0 c:/program files (x86)/gnu tools arm embedded/4.8 2013q4/bin/../lib/gcc/arm-none-eabi/4.8.3/../../../../arm-none-eabi/lib/armv6-m\libm.a(lib_a-wf_log10.o)
                0x08013850                log10f
 .text.__ieee754_log10f
                0x08013940       0xb4 c:/program files (x86)/gnu tools arm embedded/4.8 2013q4/bin/../lib/gcc/arm-none-eabi/4.8.3/../../../../arm-none-eabi/lib/armv6-m\libm.a(lib_a-ef_log10.o)
                0x08013940                __ieee754_log10f
 .text.matherr  0x080139f4        0x4 c:/program files (x86)/gnu tools arm embedded/4.8 2013q4/bin/../lib/gcc/arm-none-eabi/4.8.3/../../../../arm-none-eabi/lib/armv6-m\libm.a(lib_a-s_matherr.o)
                0x080139f4                matherr
 .text.nan      0x080139f8       0x10 c:/program files (x86)/gnu tools arm embedded/4.8 2013q4/bin/../lib/gcc/arm-none-eabi/4.8.3/../../../../arm-none-eabi/lib/armv6-m\libm.a(lib_a-s_nan.o)
                0x080139f8                nan
 .text.__fpclassifyf
                0x08013a08       0x3c c:/program files (x86)/gnu tools arm embedded/4.8 2013q4/bin/../lib/gcc/arm-none-eabi/4.8.3/../../../../arm-none-eabi/lib/armv6-m\libm.a(lib_a-sf_fpclassify.o)
                0x08013a08                __fpclassifyf
 .text.__ieee754_logf
                0x08013a44      0x2bc c:/program files (x86)/gnu tools arm embedded/4.8 2013q4/bin/../lib/gcc/arm-none-eabi/4.8.3/../../../../arm-none-eabi/lib/armv6-m\libm.a(lib_a-ef_log.o)
                0x08013a44                __ieee754_logf
 .text          0x08013d00       0x14 c:/program files (x86)/gnu tools arm embedded/4.8 2013q4/bin/../lib/gcc/arm-none-eabi/4.8.3/armv6-m\libgcc.a(_thumb1_case_uqi.o)
                0x08013d00                __gnu_thumb1_case_uqi
 .text          0x08013d14       0x9c c:/program files (x86)/gnu tools arm embedded/4.8 2013q4/bin/../lib/gcc/arm-none-eabi/4.8.3/armv6-m\libgcc.a(_udivsi3.o)
                0x08013d14                __aeabi_uidiv
                0x08013d14                __udivsi3
                0x08013d9c                __aeabi_uidivmod
 .text          0x08013db0       0xc0 c:/program files (x86)/gnu tools arm embedded/4.8 2013q4/bin/../lib/gcc/arm-none-eabi/4.8.3/armv6-m\libgcc.a(_divsi3.o)
                0x08013db0                __divsi3
                0x08013db0                __aeabi_idiv
                0x08013e5c                __aeabi_idivmod
 .text          0x08013e70        0x4 c:/program files (x86)/gnu tools arm embedded/4.8 2013q4/bin/../lib/gcc/arm-none-eabi/4.8.3/armv6-m\libgcc.a(_dvmd_tls.o)
                0x08013e70                __aeabi_idiv0
                0x08013e70                __aeabi_ldiv0
 .text          0x08013e74       0x18 c:/program files (x86)/gnu tools arm embedded/4.8 2013q4/bin/../lib/gcc/arm-none-eabi/4.8.3/armv6-m\libgcc.a(_lshrdi3.o)
                0x08013e74                __lshrdi3
                0x08013e74                __aeabi_llsr
 .text          0x08013e8c       0x18 c:/program files (x86)/gnu tools arm embedded/4.8 2013q4/bin/../lib/gcc/arm-none-eabi/4.8.3/armv6-m\libgcc.a(_ashldi3.o)
                0x08013e8c                __aeabi_llsl
                0x08013e8c                __ashldi3
 .text          0x08013ea4       0x74 c:/program files (x86)/gnu tools arm embedded/4.8 2013q4/bin/../lib/gcc/arm-none-eabi/4.8.3/armv6-m\libgcc.a(_arm_cmpsf2.o)
                0x08013ea4                __aeabi_cfrcmple
                0x08013eac                __aeabi_cfcmpeq
                0x08013eac                __aeabi_cfcmple
                0x08013ebc                __aeabi_fcmpeq
                0x08013ec8                __aeabi_fcmplt
                0x08013edc                __aeabi_fcmple
                0x08013ef0                __aeabi_fcmpgt
                0x08013f04                __aeabi_fcmpge
 .text          0x08013f18       0x48 c:/program files (x86)/gnu tools arm embedded/4.8 2013q4/bin/../lib/gcc/arm-none-eabi/4.8.3/armv6-m\libgcc.a(_aeabi_ldivmod.o)
                0x08013f18                __aeabi_ldivmod
 .text          0x08013f60       0x40 c:/program files (x86)/gnu tools arm embedded/4.8 2013q4/bin/../lib/gcc/arm-none-eabi/4.8.3/armv6-m\libgcc.a(_aeabi_uldivmod.o)
                0x08013f60                __aeabi_uldivmod
 .text          0x08013fa0       0x44 c:/program files (x86)/gnu tools arm embedded/4.8 2013q4/bin/../lib/gcc/arm-none-eabi/4.8.3/armv6-m\libgcc.a(_muldi3.o)
                0x08013fa0                __muldi3
                0x08013fa0                __aeabi_lmul
 .text          0x08013fe4       0x30 c:/program files (x86)/gnu tools arm embedded/4.8 2013q4/bin/../lib/gcc/arm-none-eabi/4.8.3/armv6-m\libgcc.a(_fixunssfsi.o)
                0x08013fe4                __fixunssfsi
                0x08013fe4                __aeabi_f2uiz
 .text          0x08014014       0x6c c:/program files (x86)/gnu tools arm embedded/4.8 2013q4/bin/../lib/gcc/arm-none-eabi/4.8.3/armv6-m\libgcc.a(bpabi.o)
                0x08014014                __gnu_ldivmod_helper
                0x0801404c                __gnu_uldivmod_helper
 .text          0x08014080      0x2d8 c:/program files (x86)/gnu tools arm embedded/4.8 2013q4/bin/../lib/gcc/arm-none-eabi/4.8.3/armv6-m\libgcc.a(addsf3.o)
                0x08014080                __aeabi_fadd
 .text          0x08014358      0x24c c:/program files (x86)/gnu tools arm embedded/4.8 2013q4/bin/../lib/gcc/arm-none-eabi/4.8.3/armv6-m\libgcc.a(divsf3.o)
                0x08014358                __aeabi_fdiv
 .text          0x080145a4       0x50 c:/program files (x86)/gnu tools arm embedded/4.8 2013q4/bin/../lib/gcc/arm-none-eabi/4.8.3/armv6-m\libgcc.a(eqsf2.o)
                0x080145a4                __eqsf2
                0x080145a4                __nesf2
 .text          0x080145f4       0x90 c:/program files (x86)/gnu tools arm embedded/4.8 2013q4/bin/../lib/gcc/arm-none-eabi/4.8.3/armv6-m\libgcc.a(gesf2.o)
                0x080145f4                __gesf2
                0x080145f4                __gtsf2
 .text          0x08014684       0x90 c:/program files (x86)/gnu tools arm embedded/4.8 2013q4/bin/../lib/gcc/arm-none-eabi/4.8.3/armv6-m\libgcc.a(lesf2.o)
                0x08014684                __ltsf2
                0x08014684                __lesf2
 .text          0x08014714      0x258 c:/program files (x86)/gnu tools arm embedded/4.8 2013q4/bin/../lib/gcc/arm-none-eabi/4.8.3/armv6-m\libgcc.a(mulsf3.o)
                0x08014714                __aeabi_fmul
 .text          0x0801496c      0x2ec c:/program files (x86)/gnu tools arm embedded/4.8 2013q4/bin/../lib/gcc/arm-none-eabi/4.8.3/armv6-m\libgcc.a(subsf3.o)
                0x0801496c                __aeabi_fsub
 .text          0x08014c58       0x40 c:/program files (x86)/gnu tools arm embedded/4.8 2013q4/bin/../lib/gcc/arm-none-eabi/4.8.3/armv6-m\libgcc.a(fixsfsi.o)
                0x08014c58                __aeabi_f2iz
 .text          0x08014c98       0xb8 c:/program files (x86)/gnu tools arm embedded/4.8 2013q4/bin/../lib/gcc/arm-none-eabi/4.8.3/armv6-m\libgcc.a(floatsisf.o)
                0x08014c98                __aeabi_i2f
 .text          0x08014d50       0xa0 c:/program files (x86)/gnu tools arm embedded/4.8 2013q4/bin/../lib/gcc/arm-none-eabi/4.8.3/armv6-m\libgcc.a(floatunsisf.o)
                0x08014d50                __aeabi_ui2f
 .text          0x08014df0       0xa4 c:/program files (x86)/gnu tools arm embedded/4.8 2013q4/bin/../lib/gcc/arm-none-eabi/4.8.3/armv6-m\libgcc.a(extendsfdf2.o)
                0x08014df0                __aeabi_f2d
 .text          0x08014e94      0x118 c:/program files (x86)/gnu tools arm embedded/4.8 2013q4/bin/../lib/gcc/arm-none-eabi/4.8.3/armv6-m\libgcc.a(truncdfsf2.o)
                0x08014e94                __aeabi_d2f
 .text          0x08014fac       0x3c c:/program files (x86)/gnu tools arm embedded/4.8 2013q4/bin/../lib/gcc/arm-none-eabi/4.8.3/armv6-m\libgcc.a(_clzsi2.o)
                0x08014fac                __clzsi2
 .text          0x08014fe8      0x3b0 c:/program files (x86)/gnu tools arm embedded/4.8 2013q4/bin/../lib/gcc/arm-none-eabi/4.8.3/armv6-m\libgcc.a(_divdi3.o)
                0x08014fe8                __divdi3
 .text          0x08015398      0x380 c:/program files (x86)/gnu tools arm embedded/4.8 2013q4/bin/../lib/gcc/arm-none-eabi/4.8.3/armv6-m\libgcc.a(_udivdi3.o)
                0x08015398                __udivdi3
 .text.atoi     0x08015718        0xc c:/program files (x86)/gnu tools arm embedded/4.8 2013q4/bin/../lib/gcc/arm-none-eabi/4.8.3/../../../../arm-none-eabi/lib/armv6-m\libg.a(lib_a-atoi.o)
                0x08015718                atoi
 .text.__errno  0x08015724        0xc c:/program files (x86)/gnu tools arm embedded/4.8 2013q4/bin/../lib/gcc/arm-none-eabi/4.8.3/../../../../arm-none-eabi/lib/armv6-m\libg.a(lib_a-errno.o)
                0x08015724                __errno
 .text.malloc   0x08015730       0x14 c:/program files (x86)/gnu tools arm embedded/4.8 2013q4/bin/../lib/gcc/arm-none-eabi/4.8.3/../../../../arm-none-eabi/lib/armv6-m\libg.a(lib_a-malloc.o)
                0x08015730                malloc
 .text.free     0x08015744       0x14 c:/program files (x86)/gnu tools arm embedded/4.8 2013q4/bin/../lib/gcc/arm-none-eabi/4.8.3/../../../../arm-none-eabi/lib/armv6-m\libg.a(lib_a-malloc.o)
                0x08015744                free
 .text._malloc_r
                0x08015758      0x50c c:/program files (x86)/gnu tools arm embedded/4.8 2013q4/bin/../lib/gcc/arm-none-eabi/4.8.3/../../../../arm-none-eabi/lib/armv6-m\libg.a(lib_a-mallocr.o)
                0x08015758                _malloc_r
 .text.memcpy   0x08015c64       0x84 c:/program files (x86)/gnu tools arm embedded/4.8 2013q4/bin/../lib/gcc/arm-none-eabi/4.8.3/../../../../arm-none-eabi/lib/armv6-m\libg.a(lib_a-memcpy-stub.o)
                0x08015c64                memcpy
 .text.memset   0x08015ce8       0xbc c:/program files (x86)/gnu tools arm embedded/4.8 2013q4/bin/../lib/gcc/arm-none-eabi/4.8.3/../../../../arm-none-eabi/lib/armv6-m\libg.a(lib_a-memset.o)
                0x08015ce8                memset
 .text.__malloc_lock
                0x08015da4        0x4 c:/program files (x86)/gnu tools arm embedded/4.8 2013q4/bin/../lib/gcc/arm-none-eabi/4.8.3/../../../../arm-none-eabi/lib/armv6-m\libg.a(lib_a-mlock.o)
                0x08015da4                __malloc_lock
 .text.__malloc_unlock
                0x08015da8        0x4 c:/program files (x86)/gnu tools arm embedded/4.8 2013q4/bin/../lib/gcc/arm-none-eabi/4.8.3/../../../../arm-none-eabi/lib/armv6-m\libg.a(lib_a-mlock.o)
                0x08015da8                __malloc_unlock
 .text._sbrk_r  0x08015dac       0x24 c:/program files (x86)/gnu tools arm embedded/4.8 2013q4/bin/../lib/gcc/arm-none-eabi/4.8.3/../../../../arm-none-eabi/lib/armv6-m\libg.a(lib_a-sbrkr.o)
                0x08015dac                _sbrk_r
 .text.strchr   0x08015dd0       0xd8 c:/program files (x86)/gnu tools arm embedded/4.8 2013q4/bin/../lib/gcc/arm-none-eabi/4.8.3/../../../../arm-none-eabi/lib/armv6-m\libg.a(lib_a-strchr.o)
                0x08015dd0                strchr